Component: ARM Compiler 5.06 update 7 (build 960) Tool: armlink [4d3601]

==============================================================================

Section Cross References

    startup_stm32f103xb.o(STACK) refers (Special) to heapauxi.o(.text) for __use_two_region_memory
    startup_stm32f103xb.o(HEAP) refers (Special) to heapauxi.o(.text) for __use_two_region_memory
    startup_stm32f103xb.o(RESET) refers (Special) to heapauxi.o(.text) for __use_two_region_memory
    startup_stm32f103xb.o(RESET) refers to startup_stm32f103xb.o(STACK) for __initial_sp
    startup_stm32f103xb.o(RESET) refers to startup_stm32f103xb.o(.text) for Reset_Handler
    startup_stm32f103xb.o(RESET) refers to stm32f1xx_it.o(i.NMI_Handler) for NMI_Handler
    startup_stm32f103xb.o(RESET) refers to stm32f1xx_it.o(i.HardFault_Handler) for HardFault_Handler
    startup_stm32f103xb.o(RESET) refers to stm32f1xx_it.o(i.MemManage_Handler) for MemManage_Handler
    startup_stm32f103xb.o(RESET) refers to stm32f1xx_it.o(i.BusFault_Handler) for BusFault_Handler
    startup_stm32f103xb.o(RESET) refers to stm32f1xx_it.o(i.UsageFault_Handler) for UsageFault_Handler
    startup_stm32f103xb.o(RESET) refers to port.o(.emb_text) for SVC_Handler
    startup_stm32f103xb.o(RESET) refers to stm32f1xx_it.o(i.DebugMon_Handler) for DebugMon_Handler
    startup_stm32f103xb.o(RESET) refers to stm32f1xx_it.o(i.SysTick_Handler) for SysTick_Handler
    startup_stm32f103xb.o(.text) refers (Special) to heapauxi.o(.text) for __use_two_region_memory
    startup_stm32f103xb.o(.text) refers to system_stm32f1xx.o(i.SystemInit) for SystemInit
    startup_stm32f103xb.o(.text) refers to __main.o(!!!main) for __main
    startup_stm32f103xb.o(.text) refers to startup_stm32f103xb.o(HEAP) for Heap_Mem
    startup_stm32f103xb.o(.text) refers to startup_stm32f103xb.o(STACK) for Stack_Mem
    main.o(i.HAL_TIM_PeriodElapsedCallback) refers to stm32f1xx_hal.o(i.HAL_IncTick) for HAL_IncTick
    main.o(i.HAL_TIM_PeriodElapsedCallback) refers to dhcp.o(i.DHCP_time_handler) for DHCP_time_handler
    main.o(i.HAL_TIM_PeriodElapsedCallback) refers to main.o(.data) for .data
    main.o(i.StartcoremarkTask) refers to cmsis_os2.o(i.osSemaphoreAcquire) for osSemaphoreAcquire
    main.o(i.StartcoremarkTask) refers to app_coremarkapp.o(i.MX_CoreMarkApp_Init) for MX_CoreMarkApp_Init
    main.o(i.StartcoremarkTask) refers to cmsis_os2.o(i.osDelay) for osDelay
    main.o(i.StartcoremarkTask) refers to main.o(.data) for .data
    main.o(i.StartmainTask) refers to _printf_percent.o(.ARM.Collect$$_printf_percent$$00000000) for _printf_percent
    main.o(i.StartmainTask) refers to _printf_d.o(.ARM.Collect$$_printf_percent$$00000009) for _printf_d
    main.o(i.StartmainTask) refers to _printf_dec.o(.text) for _printf_int_dec
    main.o(i.StartmainTask) refers to socket.o(i.socket) for socket
    main.o(i.StartmainTask) refers to noretval__2printf.o(.text) for __2printf
    main.o(i.StartmainTask) refers to socket.o(i.close) for close
    main.o(i.StartmainTask) refers to cmsis_os2.o(i.osDelay) for osDelay
    main.o(i.StartmainTask) refers to w5500.o(i.WIZCHIP_READ) for WIZCHIP_READ
    main.o(i.StartmainTask) refers to socket.o(i.connect) for connect
    main.o(i.StartmainTask) refers to cmsis_os2.o(i.osSemaphoreRelease) for osSemaphoreRelease
    main.o(i.StartmainTask) refers to socket.o(i.send) for send
    main.o(i.StartmainTask) refers to main.o(.bss) for .bss
    main.o(i.StartmainTask) refers to main.o(.data) for .data
    main.o(i.SystemClock_Config) refers to stm32f1xx_hal_rcc.o(i.HAL_RCC_OscConfig) for HAL_RCC_OscConfig
    main.o(i.SystemClock_Config) refers to stm32f1xx_hal_rcc.o(i.HAL_RCC_ClockConfig) for HAL_RCC_ClockConfig
    main.o(i.main) refers to stm32f1xx_hal.o(i.HAL_Init) for HAL_Init
    main.o(i.main) refers to stm32f1xx_hal_rcc.o(i.HAL_RCC_OscConfig) for HAL_RCC_OscConfig
    main.o(i.main) refers to stm32f1xx_hal_rcc.o(i.HAL_RCC_ClockConfig) for HAL_RCC_ClockConfig
    main.o(i.main) refers to stm32f1xx_hal_gpio.o(i.HAL_GPIO_WritePin) for HAL_GPIO_WritePin
    main.o(i.main) refers to stm32f1xx_hal_gpio.o(i.HAL_GPIO_Init) for HAL_GPIO_Init
    main.o(i.main) refers to stm32f1xx_hal_uart.o(i.HAL_UART_Init) for HAL_UART_Init
    main.o(i.main) refers to stm32f1xx_hal_spi.o(i.HAL_SPI_Init) for HAL_SPI_Init
    main.o(i.main) refers to stm32f1xx_hal_tim.o(i.HAL_TIM_Base_Init) for HAL_TIM_Base_Init
    main.o(i.main) refers to stm32f1xx_hal_tim.o(i.HAL_TIM_ConfigClockSource) for HAL_TIM_ConfigClockSource
    main.o(i.main) refers to stm32f1xx_hal_tim_ex.o(i.HAL_TIMEx_MasterConfigSynchronization) for HAL_TIMEx_MasterConfigSynchronization
    main.o(i.main) refers to noretval__2printf.o(.text) for __2printf
    main.o(i.main) refers to wizinterface.o(i.WIZ_ChipInit) for WIZ_ChipInit
    main.o(i.main) refers to wizinterface.o(i.WIZ_NetworkInit) for WIZ_NetworkInit
    main.o(i.main) refers to cmsis_os2.o(i.osKernelInitialize) for osKernelInitialize
[...]
    USART1_IRQHandler                        0x080002bb   Thumb Code     0  startup_stm32f103xb.o(.text)
    USART2_IRQHandler                        0x080002bb   Thumb Code     0  startup_stm32f103xb.o(.text)
    USART3_IRQHandler                        0x080002bb   Thumb Code     0  startup_stm32f103xb.o(.text)
    USBWakeUp_IRQHandler                     0x080002bb   Thumb Code     0  startup_stm32f103xb.o(.text)
    USB_HP_CAN1_TX_IRQHandler                0x080002bb   Thumb Code     0  startup_stm32f103xb.o(.text)
    USB_LP_CAN1_RX0_IRQHandler               0x080002bb   Thumb Code     0  startup_stm32f103xb.o(.text)
    WWDG_IRQHandler                          0x080002bb   Thumb Code     0  startup_stm32f103xb.o(.text)
    __user_initial_stackheap                 0x080002bd   Thumb Code     0  startup_stm32f103xb.o(.text)
    __2printf                                0x080002e1   Thumb Code    20  noretval__2printf.o(.text)
    _printf_pre_padding                      0x080002f9   Thumb Code    44  _printf_pad.o(.text)
    _printf_post_padding                     0x08000325   Thumb Code    34  _printf_pad.o(.text)
    _printf_str                              0x08000347   Thumb Code    82  _printf_str.o(.text)
    _printf_int_dec                          0x08000399   Thumb Code   104  _printf_dec.o(.text)
    _printf_int_hex                          0x08000411   Thumb Code    84  _printf_hex_int.o(.text)
    _printf_longlong_hex                     0x08000411   Thumb Code     0  _printf_hex_int.o(.text)
    __printf                                 0x08000469   Thumb Code   308  __printf_flags_wp.o(.text)
    __aeabi_memcpy                           0x080005a1   Thumb Code     0  rt_memcpy_v6.o(.text)
    __rt_memcpy                              0x080005a1   Thumb Code   138  rt_memcpy_v6.o(.text)
    _memcpy_lastbytes                        0x08000607   Thumb Code     0  rt_memcpy_v6.o(.text)
    __aeabi_memset                           0x0800062b   Thumb Code    16  aeabi_memset.o(.text)
    __aeabi_memclr4                          0x0800063b   Thumb Code     0  rt_memclr_w.o(.text)
    __aeabi_memclr8                          0x0800063b   Thumb Code     0  rt_memclr_w.o(.text)
    __rt_memclr_w                            0x0800063b   Thumb Code    78  rt_memclr_w.o(.text)
    _memset_w                                0x0800063f   Thumb Code     0  rt_memclr_w.o(.text)
    strcmp                                   0x08000689   Thumb Code   128  strcmpv7m.o(.text)
    __use_two_region_memory                  0x08000709   Thumb Code     2  heapauxi.o(.text)
    __rt_heap_escrow                         0x0800070b   Thumb Code     2  heapauxi.o(.text)
    __rt_heap_expand                         0x0800070d   Thumb Code     2  heapauxi.o(.text)
    _printf_int_common                       0x0800070f   Thumb Code   178  _printf_intcommon.o(.text)
    __lib_sel_fp_printf                      0x080007c1   Thumb Code     2  _printf_fp_dec.o(.text)
    _printf_fp_dec_real                      0x08000973   Thumb Code   620  _printf_fp_dec.o(.text)
    _printf_cs_common                        0x08000bdf   Thumb Code    20  _printf_char.o(.text)
    _printf_char                             0x08000bf3   Thumb Code    16  _printf_char.o(.text)
    _printf_string                           0x08000c03   Thumb Code     8  _printf_char.o(.text)
    _printf_char_file                        0x08000c0d   Thumb Code    32  _printf_char_file.o(.text)
    __aeabi_memcpy4                          0x08000c31   Thumb Code     0  rt_memcpy_w.o(.text)
    __aeabi_memcpy8                          0x08000c31   Thumb Code     0  rt_memcpy_w.o(.text)
    __rt_memcpy_w                            0x08000c31   Thumb Code   100  rt_memcpy_w.o(.text)
    _memcpy_lastbytes_aligned                0x08000c79   Thumb Code     0  rt_memcpy_w.o(.text)
    __aeabi_memclr                           0x08000c95   Thumb Code     0  rt_memclr.o(.text)
    __rt_memclr                              0x08000c95   Thumb Code    68  rt_memclr.o(.text)
    _memset                                  0x08000c99   Thumb Code     0  rt_memclr.o(.text)
    __rt_locale                              0x08000cd9   Thumb Code     8  rt_locale_intlibspace.o(.text)
    _ll_udiv10                               0x08000ce1   Thumb Code   138  lludiv10.o(.text)
    _printf_char_common                      0x08000d77   Thumb Code    32  _printf_char_common.o(.text)
    _printf_fp_infnan                        0x08000d9d   Thumb Code   112  _printf_fp_infnan.o(.text)
    _btod_etento                             0x08000e1d   Thumb Code   224  bigflt0.o(.text)
    ferror                                   0x08000f01   Thumb Code     8  ferror.o(.text)
    _initio                                  0x08000f09   Thumb Code   210  initio.o(.text)
    _terminateio                             0x08000fdb   Thumb Code    56  initio.o(.text)
    __user_libspace                          0x08001041   Thumb Code     8  libspace.o(.text)
    __user_perproc_libspace                  0x08001041   Thumb Code     0  libspace.o(.text)
    __user_perthread_libspace                0x08001041   Thumb Code     0  libspace.o(.text)
    __user_setup_stackheap                   0x08001049   Thumb Code    74  sys_stackheap_outer.o(.text)
    free                                     0x08001093   Thumb Code    78  h1_free.o(.text)
    __flsbuf                                 0x080010e1   Thumb Code   470  flsbuf.o(.text)
    __flsbuf_byte                            0x080010e1   Thumb Code     0  flsbuf.o(.text)
    __flsbuf_wide                            0x080010e1   Thumb Code     0  flsbuf.o(.text)
    setvbuf                                  0x080012b7   Thumb Code    70  setvbuf.o(.text)
    freopen                                  0x080012fd   Thumb Code   158  fopen.o(.text)
    fopen                                    0x0800139b   Thumb Code    74  fopen.o(.text)
    _fclose_internal                         0x080013e9   Thumb Code    76  fclose.o(.text)
    fclose                                   0x080013e9   Thumb Code     0  fclose.o(.text)
    exit                                     0x08001435   Thumb Code    18  exit.o(.text)
    __rt_SIGRTRED                            0x08001447   Thumb Code    14  defsig_rtred_outer.o(.text)
    __rt_heap_descriptor                     0x08001455   Thumb Code     8  rt_heap_descriptor_intlibspace.o(.text)
    __use_no_heap                            0x0800145d   Thumb Code     2  hguard.o(.text)
    __heap$guard                             0x0800145f   Thumb Code     2  hguard.o(.text)
    _terminate_user_alloc                    0x08001461   Thumb Code     2  init_alloc.o(.text)
    _init_user_alloc                         0x08001463   Thumb Code     2  init_alloc.o(.text)
    __Heap_Full                              0x08001465   Thumb Code    34  init_alloc.o(.text)
    __Heap_Broken                            0x08001487   Thumb Code     6  init_alloc.o(.text)
    _init_alloc                              0x0800148d   Thumb Code    94  init_alloc.o(.text)
    malloc                                   0x080014eb   Thumb Code    94  h1_alloc.o(.text)
    _fseek                                   0x08001549   Thumb Code   242  fseek.o(.text)
    fseek                                    0x08001549   Thumb Code     0  fseek.o(.text)
    _seterr                                  0x08001641   Thumb Code    20  stdio.o(.text)
    _writebuf                                0x08001655   Thumb Code    84  stdio.o(.text)
    _fflush                                  0x080016a9   Thumb Code    70  stdio.o(.text)
    _deferredlazyseek                        0x080016ef   Thumb Code    60  stdio.o(.text)
    __sig_exit                               0x08001731   Thumb Code    10  defsig_exit.o(.text)
    __rt_SIGRTRED_inner                      0x0800173d   Thumb Code    14  defsig_rtred_inner.o(.text)
    _sys_exit                                0x08001771   Thumb Code     8  sys_exit.o(.text)
    __Heap_Initialize                        0x0800177d   Thumb Code    10  h1_init.o(.text)
    __Heap_DescSize                          0x08001787   Thumb Code     4  h1_init.o(.text)
    __Heap_ProvideMemory                     0x0800178b   Thumb Code    52  h1_extend.o(.text)
    _ftell_internal                          0x080017bf   Thumb Code    66  ftell.o(.text)
    ftell                                    0x080017bf   Thumb Code     0  ftell.o(.text)
    __default_signal_display                 0x08001801   Thumb Code    50  defsig_general.o(.text)
    __rt_SIGRTMEM                            0x08001833   Thumb Code    14  defsig_rtmem_outer.o(.text)
    _ttywrch                                 0x08001841   Thumb Code    14  sys_wrch.o(.text)
    __I$use$semihosting                      0x0800184f   Thumb Code     0  use_no_semi.o(.text)
    __use_no_semihosting_swi                 0x0800184f   Thumb Code     2  use_no_semi.o(.text)
    __aeabi_errno_addr                       0x08001851   Thumb Code     8  rt_errno_addr_intlibspace.o(.text)
    __errno$intlibspace                      0x08001851   Thumb Code     0  rt_errno_addr_intlibspace.o(.text)
    __rt_errno_addr$intlibspace              0x08001851   Thumb Code     0  rt_errno_addr_intlibspace.o(.text)
    __semihosting_library_function           0x08001851   Thumb Code     0  indicate_semi.o(.text)
    __rt_SIGRTMEM_inner                      0x08001859   Thumb Code    22  defsig_rtmem_inner.o(.text)
    _btod_d2e                                0x080018a9   Thumb Code    62  btod.o(CL$$btod_d2e)
    _d2e_denorm_low                          0x080018e7   Thumb Code    70  btod.o(CL$$btod_d2e_denorm_low)
    _d2e_norm_op1                            0x0800192d   Thumb Code    96  btod.o(CL$$btod_d2e_norm_op1)
    __btod_div_common                        0x0800198d   Thumb Code   696  btod.o(CL$$btod_div_common)
    _e2e                                     0x08001cc5   Thumb Code   220  btod.o(CL$$btod_e2e)
    _btod_ediv                               0x08001da1   Thumb Code    42  btod.o(CL$$btod_ediv)
    _btod_emul                               0x08001dcb   Thumb Code    42  btod.o(CL$$btod_emul)
    __btod_mult_common                       0x08001df5   Thumb Code   580  btod.o(CL$$btod_mult_common)
    BusFault_Handler                         0x08002039   Thumb Code     2  stm32f1xx_it.o(i.BusFault_Handler)
    DHCP_init                                0x0800203d   Thumb Code   144  dhcp.o(i.DHCP_init)
    DHCP_run                                 0x080020d9   Thumb Code   372  dhcp.o(i.DHCP_run)
    DebugMon_Handler                         0x08002259   Thumb Code     2  stm32f1xx_it.o(i.DebugMon_Handler)
    HAL_GPIO_Init                            0x0800225d   Thumb Code   462  stm32f1xx_hal_gpio.o(i.HAL_GPIO_Init)
    HAL_GPIO_WritePin                        0x08002441   Thumb Code    10  stm32f1xx_hal_gpio.o(i.HAL_GPIO_WritePin)
    HAL_GetTick                              0x0800244d   Thumb Code     6  stm32f1xx_hal.o(i.HAL_GetTick)
    HAL_IncTick                              0x08002459   Thumb Code    12  stm32f1xx_hal.o(i.HAL_IncTick)
    HAL_Init                                 0x08002469   Thumb Code    32  stm32f1xx_hal.o(i.HAL_Init)
    HAL_InitTick                             0x0800248d   Thumb Code    54  stm32f1xx_hal.o(i.HAL_InitTick)
    HAL_MspInit                              0x080024cd   Thumb Code    62  stm32f1xx_hal_msp.o(i.HAL_MspInit)
    HAL_NVIC_SetPriority                     0x08002515   Thumb Code    96  stm32f1xx_hal_cortex.o(i.HAL_NVIC_SetPriority)
    HAL_NVIC_SetPriorityGrouping             0x08002579   Thumb Code    30  stm32f1xx_hal_cortex.o(i.HAL_NVIC_SetPriorityGrouping)
    HAL_RCC_ClockConfig                      0x0800259d   Thumb Code   390  stm32f1xx_hal_rcc.o(i.HAL_RCC_ClockConfig)
    HAL_RCC_GetPCLK1Freq                     0x08002749   Thumb Code    20  stm32f1xx_hal_rcc.o(i.HAL_RCC_GetPCLK1Freq)
    HAL_RCC_GetPCLK2Freq                     0x08002769   Thumb Code    20  stm32f1xx_hal_rcc.o(i.HAL_RCC_GetPCLK2Freq)
    HAL_RCC_OscConfig                        0x08002789   Thumb Code   948  stm32f1xx_hal_rcc.o(i.HAL_RCC_OscConfig)
    HAL_SPI_Init                             0x08002b51   Thumb Code   184  stm32f1xx_hal_spi.o(i.HAL_SPI_Init)
    HAL_SPI_MspInit                          0x08002c09   Thumb Code   106  stm32f1xx_hal_msp.o(i.HAL_SPI_MspInit)
    HAL_SPI_Receive                          0x08002c7d   Thumb Code   454  stm32f1xx_hal_spi.o(i.HAL_SPI_Receive)
    HAL_SPI_Transmit                         0x08002e43   Thumb Code   442  stm32f1xx_hal_spi.o(i.HAL_SPI_Transmit)
    HAL_SPI_TransmitReceive                  0x08002ffd   Thumb Code   562  stm32f1xx_hal_spi.o(i.HAL_SPI_TransmitReceive)
    HAL_SYSTICK_Config                       0x08003231   Thumb Code    38  stm32f1xx_hal_cortex.o(i.HAL_SYSTICK_Config)
    HAL_TIMEx_MasterConfigSynchronization    0x0800325d   Thumb Code   110  stm32f1xx_hal_tim_ex.o(i.HAL_TIMEx_MasterConfigSynchronization)
    HAL_TIM_Base_Init                        0x080032cb   Thumb Code    90  stm32f1xx_hal_tim.o(i.HAL_TIM_Base_Init)
    HAL_TIM_Base_MspInit                     0x08003325   Thumb Code    40  stm32f1xx_hal_msp.o(i.HAL_TIM_Base_MspInit)
    HAL_TIM_ConfigClockSource                0x08003351   Thumb Code   366  stm32f1xx_hal_tim.o(i.HAL_TIM_ConfigClockSource)
    HAL_UART_Init                            0x080034bf   Thumb Code   100  stm32f1xx_hal_uart.o(i.HAL_UART_Init)
    HAL_UART_MspInit                         0x08003525   Thumb Code    86  stm32f1xx_hal_msp.o(i.HAL_UART_MspInit)
    HAL_UART_Transmit                        0x08003585   Thumb Code   336  stm32f1xx_hal_uart.o(i.HAL_UART_Transmit)
    HardFault_Handler                        0x080036d5   Thumb Code     2  stm32f1xx_it.o(i.HardFault_Handler)
    MX_CoreMarkApp_Init                      0x080036d9   Thumb Code    22  app_coremarkapp.o(i.MX_CoreMarkApp_Init)
    MemManage_Handler                        0x08003725   Thumb Code     2  stm32f1xx_it.o(i.MemManage_Handler)
    NMI_Handler                              0x08003727   Thumb Code     2  stm32f1xx_it.o(i.NMI_Handler)
    StartcoremarkTask                        0x080037e9   Thumb Code    24  main.o(i.StartcoremarkTask)
    StartmainTask                            0x08003805   Thumb Code   206  main.o(i.StartmainTask)
    SysTick_Handler                          0x08003955   Thumb Code    24  stm32f1xx_it.o(i.SysTick_Handler)
    SystemInit                               0x0800396d   Thumb Code     2  system_stm32f1xx.o(i.SystemInit)
    TIM_Base_SetConfig                       0x08003971   Thumb Code   108  stm32f1xx_hal_tim.o(i.TIM_Base_SetConfig)
    UsageFault_Handler                       0x08003ab5   Thumb Code     2  stm32f1xx_it.o(i.UsageFault_Handler)
    WIZCHIP_READ                             0x08003ab9   Thumb Code    90  w5500.o(i.WIZCHIP_READ)
    WIZCHIP_READ_BUF                         0x08003b19   Thumb Code   118  w5500.o(i.WIZCHIP_READ_BUF)
    WIZCHIP_WRITE                            0x08003b95   Thumb Code    90  w5500.o(i.WIZCHIP_WRITE)
    WIZCHIP_WRITE_BUF                        0x08003bf5   Thumb Code   110  w5500.o(i.WIZCHIP_WRITE_BUF)
    WIZ_ChipInit                             0x08003c69   Thumb Code   104  wizinterface.o(i.WIZ_ChipInit)
    WIZ_NetworkInit                          0x08003d31   Thumb Code   286  wizinterface.o(i.WIZ_NetworkInit)
    WIZ_SPI_Deselect                         0x08003ed5   Thumb Code    10  wizinterface.o(i.WIZ_SPI_Deselect)
    WIZ_SPI_RxBuffer                         0x08003ee5   Thumb Code    14  wizinterface.o(i.WIZ_SPI_RxBuffer)
    WIZ_SPI_RxByte                           0x08003ef9   Thumb Code    22  wizinterface.o(i.WIZ_SPI_RxByte)
    WIZ_SPI_Select                           0x08003f15   Thumb Code    10  wizinterface.o(i.WIZ_SPI_Select)
    WIZ_SPI_TxBuffer                         0x08003f25   Thumb Code    14  wizinterface.o(i.WIZ_SPI_TxBuffer)
    WIZ_SPI_TxByte                           0x08003f39   Thumb Code    18  wizinterface.o(i.WIZ_SPI_TxByte)
    __ARM_common_memclr4_10                  0x08003f51   Thumb Code    10  dhcp.o(i.__ARM_common_memclr4_10)
    __ARM_fpclassify                         0x08003f5b   Thumb Code    40  fpclassify.o(i.__ARM_fpclassify)
    _is_digit                                0x08003f83   Thumb Code    14  __printf_wp.o(i._is_digit)
    _sys_close                               0x08003f91   Thumb Code     4  app_coremarkapp.o(i._sys_close)
    _sys_flen                                0x08003f95   Thumb Code     4  app_coremarkapp.o(i._sys_flen)
    _sys_istty                               0x08003f99   Thumb Code     4  app_coremarkapp.o(i._sys_istty)
    _sys_open                                0x08003f9d   Thumb Code    80  app_coremarkapp.o(i._sys_open)
    _sys_seek                                0x08004005   Thumb Code     4  app_coremarkapp.o(i._sys_seek)
    _sys_write                               0x08004009   Thumb Code    60  app_coremarkapp.o(i._sys_write)
    calc_func                                0x08004049   Thumb Code   142  core_list_join.o(i.calc_func)
    check_DHCP_leasedIP                      0x08004139   Thumb Code    82  dhcp.o(i.check_DHCP_leasedIP)
    check_DHCP_timeout                       0x080041a5   Thumb Code   104  dhcp.o(i.check_DHCP_timeout)
    check_data_types                         0x08004211   Thumb Code     4  core_util.o(i.check_data_types)
    close                                    0x08004215   Thumb Code   128  socket.o(i.close)
    cmp_complex                              0x080042a1   Thumb Code    26  core_list_join.o(i.cmp_complex)
    cmp_idx                                  0x080042bb   Thumb Code    42  core_list_join.o(i.cmp_idx)
    connect                                  0x080042e5   Thumb Code   282  socket.o(i.connect)
    core_bench_list                          0x08004405   Thumb Code   384  core_list_join.o(i.core_bench_list)
    core_bench_matrix                        0x0800458d   Thumb Code    34  core_matrix.o(i.core_bench_matrix)
    core_bench_state                         0x080045af   Thumb Code   236  core_state.o(i.core_bench_state)
    core_init_matrix                         0x0800469d   Thumb Code   166  core_matrix.o(i.core_init_matrix)
    core_init_state                          0x08004745   Thumb Code   260  core_state.o(i.core_init_state)
    core_list_init                           0x08004851   Thumb Code   264  core_list_join.o(i.core_list_init)
    core_list_mergesort                      0x08004961   Thumb Code   166  core_list_join.o(i.core_list_mergesort)
    core_state_transition                    0x08004a07   Thumb Code   424  core_state.o(i.core_state_transition)
    coremark_main                            0x08004bb1   Thumb Code  2368  core_main.o(i.coremark_main)
    crc16                                    0x080054f1   Thumb Code    78  core_util.o(i.crc16)
    crcu16                                   0x08005541   Thumb Code    74  core_util.o(i.crcu16)
    crcu32                                   0x0800558b   Thumb Code    24  core_util.o(i.crcu32)
    ctlnetwork                               0x080055a5   Thumb Code   282  wizchip_conf.o(i.ctlnetwork)
    default_ip_assign                        0x080056c5   Thumb Code    40  dhcp.o(i.default_ip_assign)
    default_ip_conflict                      0x080056f9   Thumb Code    32  dhcp.o(i.default_ip_conflict)
    default_ip_update                        0x0800571d   Thumb Code    66  dhcp.o(i.default_ip_update)
    fputc                                    0x08005771   Thumb Code    26  fputc.o(i.fputc)
    getGWfromDHCP                            0x0800578d   Thumb Code    20  dhcp.o(i.getGWfromDHCP)
    getIPfromDHCP                            0x080057a5   Thumb Code    20  dhcp.o(i.getIPfromDHCP)
    getSNfromDHCP                            0x080057bd   Thumb Code    20  dhcp.o(i.getSNfromDHCP)
    getSn_RX_RSR                             0x080057d5   Thumb Code    76  w5500.o(i.getSn_RX_RSR)
    getSn_TX_FSR                             0x08005821   Thumb Code    76  w5500.o(i.getSn_TX_FSR)
    get_seed_32                              0x0800586d   Thumb Code    42  core_util.o(i.get_seed_32)
    get_time                                 0x080058ad   Thumb Code    10  core_portme.o(i.get_time)
    main                                     0x080058bd   Thumb Code   458  main.o(i.main)
    makeDHCPMSG                              0x08005b51   Thumb Code   188  dhcp.o(i.makeDHCPMSG)
    matrix_sum                               0x08005c11   Thumb Code    92  core_matrix.o(i.matrix_sum)
    matrix_test                              0x08005c6d   Thumb Code   718  core_matrix.o(i.matrix_test)
    osDelay                                  0x08005f3d   Thumb Code    48  cmsis_os2.o(i.osDelay)
    osKernelInitialize                       0x08005f71   Thumb Code    50  cmsis_os2.o(i.osKernelInitialize)
    osKernelStart                            0x08005fa9   Thumb Code    58  cmsis_os2.o(i.osKernelStart)
    osSemaphoreAcquire                       0x08005fe9   Thumb Code   110  cmsis_os2.o(i.osSemaphoreAcquire)
    osSemaphoreNew                           0x08006061   Thumb Code   184  cmsis_os2.o(i.osSemaphoreNew)
    osSemaphoreRelease                       0x0800611d   Thumb Code   100  cmsis_os2.o(i.osSemaphoreRelease)
    osThreadNew                              0x08006189   Thumb Code   184  cmsis_os2.o(i.osThreadNew)
    parseDHCPMSG                             0x08006245   Thumb Code   544  dhcp.o(i.parseDHCPMSG)
    portable_fini                            0x08006479   Thumb Code     6  core_portme.o(i.portable_fini)
    portable_init                            0x0800647f   Thumb Code     6  core_portme.o(i.portable_init)
    pvPortMalloc                             0x08006a7d   Thumb Code   376  heap_4.o(i.pvPortMalloc)
    pvTaskIncrementMutexHeldCount            0x08006c01   Thumb Code    18  tasks.o(i.pvTaskIncrementMutexHeldCount)
    pxPortInitialiseStack                    0x08006c19   Thumb Code    30  port.o(i.pxPortInitialiseStack)
    recvfrom                                 0x08006c3d   Thumb Code   590  socket.o(i.recvfrom)
    reg_dhcp_cbfunc                          0x08006e99   Thumb Code    46  dhcp.o(i.reg_dhcp_cbfunc)
    reg_wizchip_cris_cbfunc                  0x08006ed9   Thumb Code    24  wizchip_conf.o(i.reg_wizchip_cris_cbfunc)
    reg_wizchip_cs_cbfunc                    0x08006efd   Thumb Code    24  wizchip_conf.o(i.reg_wizchip_cs_cbfunc)
    reg_wizchip_spi_cbfunc                   0x08006f21   Thumb Code    40  wizchip_conf.o(i.reg_wizchip_spi_cbfunc)
    reg_wizchip_spiburst_cbfunc              0x08006f55   Thumb Code    40  wizchip_conf.o(i.reg_wizchip_spiburst_cbfunc)
    send                                     0x08006f89   Thumb Code   300  socket.o(i.send)
    send_DHCP_DECLINE                        0x080070b9   Thumb Code   252  dhcp.o(i.send_DHCP_DECLINE)
    send_DHCP_DISCOVER                       0x080071b9   Thumb Code   556  dhcp.o(i.send_DHCP_DISCOVER)
    send_DHCP_REQUEST                        0x080073ed   Thumb Code   750  dhcp.o(i.send_DHCP_REQUEST)
    sendto                                   0x080076e9   Thumb Code   408  socket.o(i.sendto)
    socket                                   0x08007885   Thumb Code   302  socket.o(i.socket)
    start_time                               0x080079c1   Thumb Code    10  core_portme.o(i.start_time)
    stop_time                                0x080079d5   Thumb Code    10  core_portme.o(i.stop_time)
    time_in_secs                             0x080079e9   Thumb Code    18  core_portme.o(i.time_in_secs)
    uxListRemove                             0x08007a01   Thumb Code    38  list.o(i.uxListRemove)
    vApplicationGetIdleTaskMemory            0x08007a29   Thumb Code    16  cmsis_os2.o(i.vApplicationGetIdleTaskMemory)
    vApplicationGetTimerTaskMemory           0x08007a3d   Thumb Code    18  cmsis_os2.o(i.vApplicationGetTimerTaskMemory)
    vListInitialise                          0x08007a55   Thumb Code    22  list.o(i.vListInitialise)
    vListInitialiseItem                      0x08007a6b   Thumb Code     6  list.o(i.vListInitialiseItem)
    vListInsert                              0x08007a71   Thumb Code    58  list.o(i.vListInsert)
    vListInsertEnd                           0x08007aab   Thumb Code    24  list.o(i.vListInsertEnd)
    vPortEnterCritical                       0x08007ac5   Thumb Code    56  port.o(i.vPortEnterCritical)
    vPortExitCritical                        0x08007b05   Thumb Code    38  port.o(i.vPortExitCritical)
    vPortFree                                0x08007b31   Thumb Code   154  heap_4.o(i.vPortFree)
    vPortValidateInterruptPriority           0x08007bd5   Thumb Code    74  port.o(i.vPortValidateInterruptPriority)
    vQueueAddToRegistry                      0x08007c29   Thumb Code    34  queue.o(i.vQueueAddToRegistry)
    vQueueDelete                             0x08007c51   Thumb Code    74  queue.o(i.vQueueDelete)
    vQueueWaitForMessageRestricted           0x08007ca1   Thumb Code    74  queue.o(i.vQueueWaitForMessageRestricted)
    vTaskDelay                               0x08007ced   Thumb Code    66  tasks.o(i.vTaskDelay)
    vTaskInternalSetTimeOutState             0x08007d39   Thumb Code    12  tasks.o(i.vTaskInternalSetTimeOutState)
    vTaskMissedYield                         0x08007d49   Thumb Code     8  tasks.o(i.vTaskMissedYield)
    vTaskPlaceOnEventList                    0x08007d55   Thumb Code    46  tasks.o(i.vTaskPlaceOnEventList)
    vTaskPlaceOnEventListRestricted          0x08007d89   Thumb Code    54  tasks.o(i.vTaskPlaceOnEventListRestricted)
    vTaskPriorityDisinheritAfterTimeout      0x08007dc5   Thumb Code   146  tasks.o(i.vTaskPriorityDisinheritAfterTimeout)
    vTaskStartScheduler                      0x08007e61   Thumb Code   124  tasks.o(i.vTaskStartScheduler)
    vTaskSuspendAll                          0x08007eed   Thumb Code    10  tasks.o(i.vTaskSuspendAll)
    vTaskSwitchContext                       0x08007efd   Thumb Code    98  tasks.o(i.vTaskSwitchContext)
    wiz_recv_data                            0x08007f69   Thumb Code   202  w5500.o(i.wiz_recv_data)
    wiz_recv_ignore                          0x08008039   Thumb Code    66  w5500.o(i.wiz_recv_ignore)
    wiz_send_data                            0x0800807d   Thumb Code   192  w5500.o(i.wiz_send_data)
    wizchip_bus_readdata                     0x08008141   Thumb Code     4  wizchip_conf.o(i.wizchip_bus_readdata)
    wizchip_bus_writedata                    0x08008145   Thumb Code     4  wizchip_conf.o(i.wizchip_bus_writedata)
    wizchip_cris_enter                       0x08008149   Thumb Code     2  wizchip_conf.o(i.wizchip_cris_enter)
    wizchip_cris_exit                        0x0800814b   Thumb Code     2  wizchip_conf.o(i.wizchip_cris_exit)
    wizchip_cs_deselect                      0x08008155   Thumb Code     2  wizchip_conf.o(i.wizchip_cs_deselect)
    wizchip_cs_select                        0x08008157   Thumb Code     2  wizchip_conf.o(i.wizchip_cs_select)
    wizchip_getnetinfo                       0x08008159   Thumb Code    80  wizchip_conf.o(i.wizchip_getnetinfo)
    wizchip_setnetinfo                       0x080081b1   Thumb Code    80  wizchip_conf.o(i.wizchip_setnetinfo)
    wizchip_spi_readburst                    0x08008209   Thumb Code     2  wizchip_conf.o(i.wizchip_spi_readburst)
    wizchip_spi_readbyte                     0x0800820b   Thumb Code     4  wizchip_conf.o(i.wizchip_spi_readbyte)
    wizchip_spi_writeburst                   0x0800820f   Thumb Code     2  wizchip_conf.o(i.wizchip_spi_writeburst)
    wizchip_spi_writebyte                    0x08008211   Thumb Code     2  wizchip_conf.o(i.wizchip_spi_writebyte)
    wizphy_getphystat                        0x08008213   Thumb Code    26  wizchip_conf.o(i.wizphy_getphystat)
    xPortStartScheduler                      0x0800822d   Thumb Code   198  port.o(i.xPortStartScheduler)
    xPortSysTickHandler                      0x08008305   Thumb Code    38  port.o(i.xPortSysTickHandler)
    xQueueCreateCountingSemaphore            0x08008331   Thumb Code    58  queue.o(i.xQueueCreateCountingSemaphore)
    xQueueCreateCountingSemaphoreStatic      0x0800836b   Thumb Code    64  queue.o(i.xQueueCreateCountingSemaphoreStatic)
    xQueueGenericCreate                      0x080083ab   Thumb Code   150  queue.o(i.xQueueGenericCreate)
    xQueueGenericCreateStatic                0x08008441   Thumb Code   184  queue.o(i.xQueueGenericCreateStatic)
    xQueueGenericSend                        0x080084f9   Thumb Code   464  queue.o(i.xQueueGenericSend)
    xQueueGenericSendFromISR                 0x080086cd   Thumb Code   282  queue.o(i.xQueueGenericSendFromISR)
    xQueueGiveFromISR                        0x080087e7   Thumb Code   158  queue.o(i.xQueueGiveFromISR)
    xQueueReceive                            0x08008885   Thumb Code   340  queue.o(i.xQueueReceive)
    xQueueReceiveFromISR                     0x080089dd   Thumb Code   174  queue.o(i.xQueueReceiveFromISR)
    xQueueSemaphoreTake                      0x08008a8d   Thumb Code   406  queue.o(i.xQueueSemaphoreTake)
    xTaskCheckForTimeOut                     0x08008c29   Thumb Code   124  tasks.o(i.xTaskCheckForTimeOut)
    xTaskCreate                              0x08008ca9   Thumb Code   184  tasks.o(i.xTaskCreate)
    xTaskCreateStatic                        0x08008d61   Thumb Code   214  tasks.o(i.xTaskCreateStatic)
    xTaskGetSchedulerState                   0x08008e39   Thumb Code    24  tasks.o(i.xTaskGetSchedulerState)
    xTaskGetTickCount                        0x08008e55   Thumb Code     6  tasks.o(i.xTaskGetTickCount)
    xTaskIncrementTick                       0x08008e61   Thumb Code   220  tasks.o(i.xTaskIncrementTick)
    xTaskPriorityDisinherit                  0x08008f45   Thumb Code   122  tasks.o(i.xTaskPriorityDisinherit)
    xTaskPriorityInherit                     0x08008fc9   Thumb Code   118  tasks.o(i.xTaskPriorityInherit)
    xTaskRemoveFromEventList                 0x08009049   Thumb Code   104  tasks.o(i.xTaskRemoveFromEventList)
    xTaskResumeAll                           0x080090bd   Thumb Code   434  tasks.o(i.xTaskResumeAll)
    xTimerCreateTimerTask                    0x0800927d   Thumb Code   140  timers.o(i.xTimerCreateTimerTask)
    xTimerGenericCommand                     0x08009329   Thumb Code   116  timers.o(i.xTimerGenericCommand)
    _get_lc_numeric                          0x080093a1   Thumb Code    44  lc_numeric_c.o(locale$$code)
    __fpl_dcmp_Inf                           0x080093cd   Thumb Code    24  dcmpi.o(x$fpl$dcmpinf)
    __aeabi_ddiv                             0x080093e5   Thumb Code     0  ddiv.o(x$fpl$ddiv)
    _ddiv                                    0x080093e5   Thumb Code   552  ddiv.o(x$fpl$ddiv)
    __aeabi_d2uiz                            0x08009695   Thumb Code     0  dfixu.o(x$fpl$dfixu)
    _dfixu                                   0x08009695   Thumb Code    90  dfixu.o(x$fpl$dfixu)
    __aeabi_ui2d                             0x080096ef   Thumb Code     0  dflt_clz.o(x$fpl$dfltu)
    _dfltu                                   0x080096ef   Thumb Code    38  dflt_clz.o(x$fpl$dfltu)
    __aeabi_cdcmple                          0x08009715   Thumb Code     0  dleqf.o(x$fpl$dleqf)
    _dcmple                                  0x08009715   Thumb Code   120  dleqf.o(x$fpl$dleqf)
    __fpl_dcmple_InfNaN                      0x08009777   Thumb Code     0  dleqf.o(x$fpl$dleqf)
    __fpl_dnaninf                            0x0800978d   Thumb Code   156  dnaninf.o(x$fpl$dnaninf)
    __fpl_dretinf                            0x08009829   Thumb Code    12  dretinf.o(x$fpl$dretinf)
    __aeabi_cdrcmple                         0x08009835   Thumb Code     0  drleqf.o(x$fpl$drleqf)
    _drcmple                                 0x08009835   Thumb Code   108  drleqf.o(x$fpl$drleqf)
    _printf_fp_dec                           0x080098a1   Thumb Code     4  printf1.o(x$fpl$printf1)
    __I$use$fp                               0x080098a4   Number         0  usenofp.o(x$fpl$usenofp)
    mainTask_attributes                      0x080098a4   Data          36  main.o(.constdata)
    coremarkTask_attributes                  0x080098c8   Data          36  main.o(.constdata)
    coremark_start_sem_attributes            0x080098ec   Data          16  main.o(.constdata)
    __stdin_name                             0x080098fc   Data           7  app_coremarkapp.o(.constdata)
    __stdout_name                            0x08009903   Data           8  app_coremarkapp.o(.constdata)
    __stderr_name                            0x0800990b   Data           8  app_coremarkapp.o(.constdata)
    AHBPrescTable                            0x08009925   Data          16  system_stm32f1xx.o(.constdata)
    APBPrescTable                            0x08009935   Data           8  system_stm32f1xx.o(.constdata)
    Region$$Table$$Base                      0x08009c30   Number         0  anon$$obj.o(Region$$Table)
    Region$$Table$$Limit                     0x08009c50   Number         0  anon$$obj.o(Region$$Table)
    mainTaskHandle                           0x20000008   Data           4  main.o(.data)
    coremarkTaskHandle                       0x2000000c   Data           4  main.o(.data)
    coremark_start_semHandle                 0x20000010   Data           4  main.o(.data)
    timeout                                  0x20000018   Data           4  wizinterface.o(.data)
    netInfo                                  0x2000001c   Data          23  wizinterface.o(.data)
    uwTickFreq                               0x20000034   Data           1  stm32f1xx_hal.o(.data)
    uwTickPrio                               0x20000038   Data           4  stm32f1xx_hal.o(.data)
    uwTick                                   0x2000003c   Data           4  stm32f1xx_hal.o(.data)
    SystemCoreClock                          0x20000040   Data           4  system_stm32f1xx.o(.data)
    pxCurrentTCB                             0x20000044   Data           4  tasks.o(.data)
    seed1_volatile                           0x2000011c   Data           4  core_portme.o(.data)
    seed2_volatile                           0x20000120   Data           4  core_portme.o(.data)
    seed3_volatile                           0x20000124   Data           4  core_portme.o(.data)
    seed4_volatile                           0x20000128   Data           4  core_portme.o(.data)
    seed5_volatile                           0x2000012c   Data           4  core_portme.o(.data)
    default_num_contexts                     0x20000130   Data           4  core_portme.o(.data)
    sock_pack_info                           0x20000142   Data           8  socket.o(.data)
    WIZCHIP                                  0x20000154   Data          44  wizchip_conf.o(.data)
    dhcp_state                               0x20000180   Data           1  dhcp.o(.data)
    dhcp_retry_count                         0x20000181   Data           1  dhcp.o(.data)
    DHCP_SOCKET                              0x20000182   Data           1  dhcp.o(.data)
    OLD_allocated_ip                         0x20000183   Data           4  dhcp.o(.data)
    DHCP_allocated_ip                        0x20000187   Data           4  dhcp.o(.data)
    DHCP_allocated_gw                        0x2000018b   Data           4  dhcp.o(.data)
    DHCP_allocated_sn                        0x2000018f   Data           4  dhcp.o(.data)
    DHCP_allocated_dns                       0x20000193   Data           4  dhcp.o(.data)
    dhcp_lease_time                          0x20000198   Data           4  dhcp.o(.data)
    dhcp_tick_1s                             0x2000019c   Data           4  dhcp.o(.data)
    dhcp_tick_next                           0x200001a0   Data           4  dhcp.o(.data)
    dhcp_ip_assign                           0x200001a4   Data           4  dhcp.o(.data)
    dhcp_ip_update                           0x200001a8   Data           4  dhcp.o(.data)
    dhcp_ip_conflict                         0x200001ac   Data           4  dhcp.o(.data)
    DHCP_SIP                                 0x200001b0   Data           4  dhcp.o(.data)
    DHCP_REAL_SIP                            0x200001b4   Data           4  dhcp.o(.data)
    DHCP_XID                                 0x200001b8   Data           4  dhcp.o(.data)
    pDHCPMSG                                 0x200001bc   Data           4  dhcp.o(.data)
    DHCP_CHADDR                              0x200001c0   Data           6  dhcp.o(.data)
    HOST_NAME                                0x200001c6   Data           8  dhcp.o(.data)
    __aeabi_stdin                            0x200001d0   Data           4  stdio_streams.o(.data)
    __aeabi_stdout                           0x200001d4   Data           4  stdio_streams.o(.data)
    __aeabi_stderr                           0x200001d8   Data           4  stdio_streams.o(.data)
    hspi1                                    0x200001dc   Data          88  main.o(.bss)
    htim4                                    0x20000234   Data          72  main.o(.bss)
    huart2                                   0x2000027c   Data          72  main.o(.bss)
    txBuffer                                 0x200002c4   Data          64  main.o(.bss)
    xQueueRegistry                           0x20000704   Data          64  queue.o(.bss)
    __stdin                                  0x20002be8   Data          84  stdio_streams.o(.bss)
    __stdout                                 0x20002c3c   Data          84  stdio_streams.o(.bss)
    __stderr                                 0x20002c90   Data          84  stdio_streams.o(.bss)
    __libspace_start                         0x20002ce4   Data          96  libspace.o(.bss)
    __temporary_stack_top$libspace           0x20002d44   Data           0  libspace.o(.bss)



==============================================================================

Memory Map of the image

  Image Entry point : 0x080000ed

  Load Region LR_IROM1 (Base: 0x08000000, Size: 0x00009e48, Max: 0x00020000, ABSOLUTE, COMPRESSED[0x00009d2c])

    Execution Region ER_IROM1 (Exec base: 0x08000000, Load base: 0x08000000, Size: 0x00009c6c, Max: 0x00020000, ABSOLUTE)

    Exec Addr    Load Addr    Size         Type   Attr      Idx    E Section Name        Object

    0x08000000   0x08000000   0x000000ec   Data   RO            3    RESET               startup_stm32f103xb.o
    0x080000ec   0x080000ec   0x00000008   Code   RO         5603  * !!!main             c_w.l(__main.o)
    0x080000f4   0x080000f4   0x00000034   Code   RO         6021    !!!scatter          c_w.l(__scatter.o)
    0x08000128   0x08000128   0x0000005a   Code   RO         6019    !!dczerorl2         c_w.l(__dczerorl2.o)
    0x08000182   0x08000182   0x00000002   PAD
    0x08000184   0x08000184   0x0000001c   Code   RO         6023    !!handler_zi        c_w.l(__scatter_zi.o)
    0x080001a0   0x080001a0   0x00000000   Code   RO         5590    .ARM.Collect$$_printf_percent$$00000000  c_w.l(_printf_percent.o)
    0x080001a0   0x080001a0   0x00000006   Code   RO         5589    .ARM.Collect$$_printf_percent$$00000003  c_w.l(_printf_f.o)
    0x080001a6   0x080001a6   0x00000006   Code   RO         5587    .ARM.Collect$$_printf_percent$$00000009  c_w.l(_printf_d.o)
    0x080001ac   0x080001ac   0x00000006   Code   RO         5588    .ARM.Collect$$_printf_percent$$0000000A  c_w.l(_printf_u.o)
    0x080001b2   0x080001b2   0x00000006   Code   RO         5586    .ARM.Collect$$_printf_percent$$0000000C  c_w.l(_printf_x.o)
    0x080001b8   0x080001b8   0x00000006   Code   RO         5585    .ARM.Collect$$_printf_percent$$00000014  c_w.l(_printf_s.o)
    0x080001be   0x080001be   0x00000004   Code   RO         5634    .ARM.Collect$$_printf_percent$$00000017  c_w.l(_printf_percent_end.o)
    0x080001c2   0x080001c2   0x00000002   Code   RO         5813    .ARM.Collect$$libinit$$00000000  c_w.l(libinit.o)
    0x080001c4   0x080001c4   0x00000000   Code   RO         5815    .ARM.Collect$$libinit$$00000002  c_w.l(libinit2.o)
    0x080001c4   0x080001c4   0x00000000   Code   RO         5817    .ARM.Collect$$libinit$$00000004  c_w.l(libinit2.o)
    0x080001c4   0x080001c4   0x00000008   Code   RO         5818    .ARM.Collect$$libinit$$00000005  c_w.l(libinit2.o)
    0x080001cc   0x080001cc   0x00000000   Code   RO         5820    .ARM.Collect$$libinit$$0000000A  c_w.l(libinit2.o)
    0x080001cc   0x080001cc   0x00000000   Code   RO         5822    .ARM.Collect$$libinit$$0000000C  c_w.l(libinit2.o)
    0x080001cc   0x080001cc   0x00000000   Code   RO         5824    .ARM.Collect$$libinit$$0000000E  c_w.l(libinit2.o)
    0x080001cc   0x080001cc   0x00000006   Code   RO         5825    .ARM.Collect$$libinit$$0000000F  c_w.l(libinit2.o)
    0x080001d2   0x080001d2   0x00000000   Code   RO         5827    .ARM.Collect$$libinit$$00000011  c_w.l(libinit2.o)
    0x080001d2   0x080001d2   0x00000000   Code   RO         5829    .ARM.Collect$$libinit$$00000013  c_w.l(libinit2.o)
    0x080001d2   0x080001d2   0x00000000   Code   RO         5831    .ARM.Collect$$libinit$$00000015  c_w.l(libinit2.o)
    0x080001d2   0x080001d2   0x0000000a   Code   RO         5832    .ARM.Collect$$libinit$$00000016  c_w.l(libinit2.o)
    0x080001dc   0x080001dc   0x00000000   Code   RO         5833    .ARM.Collect$$libinit$$00000017  c_w.l(libinit2.o)
    0x080001dc   0x080001dc   0x00000000   Code   RO         5835    .ARM.Collect$$libinit$$00000019  c_w.l(libinit2.o)
    0x080001dc   0x080001dc   0x00000000   Code   RO         5837    .ARM.Collect$$libinit$$0000001B  c_w.l(libinit2.o)
    0x080001dc   0x080001dc   0x00000000   Code   RO         5839    .ARM.Collect$$libinit$$0000001D  c_w.l(libinit2.o)
    0x080001dc   0x080001dc   0x00000000   Code   RO         5841    .ARM.Collect$$libinit$$0000001F  c_w.l(libinit2.o)
    0x080001dc   0x080001dc   0x00000000   Code   RO         5843    .ARM.Collect$$libinit$$00000021  c_w.l(libinit2.o)
    0x080001dc   0x080001dc   0x00000000   Code   RO         5845    .ARM.Collect$$libinit$$00000023  c_w.l(libinit2.o)
    0x080001dc   0x080001dc   0x00000004   Code   RO         5846    .ARM.Collect$$libinit$$00000024  c_w.l(libinit2.o)
    0x080001e0   0x080001e0   0x00000000   Code   RO         5847    .ARM.Collect$$libinit$$00000025  c_w.l(libinit2.o)
    0x080001e0   0x080001e0   0x00000000   Code   RO         5851    .ARM.Collect$$libinit$$0000002C  c_w.l(libinit2.o)
    0x080001e0   0x080001e0   0x00000000   Code   RO         5853    .ARM.Collect$$libinit$$0000002E  c_w.l(libinit2.o)
    0x080001e0   0x080001e0   0x00000000   Code   RO         5855    .ARM.Collect$$libinit$$00000030  c_w.l(libinit2.o)
    0x080001e0   0x080001e0   0x00000000   Code   RO         5857    .ARM.Collect$$libinit$$00000032  c_w.l(libinit2.o)
    0x080001e0   0x080001e0   0x00000002   Code   RO         5858    .ARM.Collect$$libinit$$00000033  c_w.l(libinit2.o)
    0x080001e2   0x080001e2   0x00000002   Code   RO         5998    .ARM.Collect$$libshutdown$$00000000  c_w.l(libshutdown.o)
    0x080001e4   0x080001e4   0x00000000   Code   RO         5860    .ARM.Collect$$libshutdown$$00000002  c_w.l(libshutdown2.o)
    0x080001e4   0x080001e4   0x00000000   Code   RO         5862    .ARM.Collect$$libshutdown$$00000004  c_w.l(libshutdown2.o)
    0x080001e4   0x080001e4   0x00000004   Code   RO         5863    .ARM.Collect$$libshutdown$$00000005  c_w.l(libshutdown2.o)
    0x080001e8   0x080001e8   0x00000000   Code   RO         5864    .ARM.Collect$$libshutdown$$00000006  c_w.l(libshutdown2.o)
    0x080001e8   0x080001e8   0x00000000   Code   RO         5867    .ARM.Collect$$libshutdown$$00000009  c_w.l(libshutdown2.o)
    0x080001e8   0x080001e8   0x00000000   Code   RO         5870    .ARM.Collect$$libshutdown$$0000000C  c_w.l(libshutdown2.o)
    0x080001e8   0x080001e8   0x00000000   Code   RO         5872    .ARM.Collect$$libshutdown$$0000000E  c_w.l(libshutdown2.o)
    0x080001e8   0x080001e8   0x00000000   Code   RO         5875    .ARM.Collect$$libshutdown$$00000011  c_w.l(libshutdown2.o)
    0x080001e8   0x080001e8   0x00000002   Code   RO         5876    .ARM.Collect$$libshutdown$$00000012  c_w.l(libshutdown2.o)
    0x080001ea   0x080001ea   0x00000000   Code   RO         5625    .ARM.Collect$$rtentry$$00000000  c_w.l(__rtentry.o)
    0x080001ea   0x080001ea   0x00000000   Code   RO         5653    .ARM.Collect$$rtentry$$00000002  c_w.l(__rtentry2.o)
    0x080001ea   0x080001ea   0x00000006   Code   RO         5665    .ARM.Collect$$rtentry$$00000004  c_w.l(__rtentry4.o)
    0x080001f0   0x080001f0   0x00000000   Code   RO         5655    .ARM.Collect$$rtentry$$00000009  c_w.l(__rtentry2.o)
    0x080001f0   0x080001f0   0x00000004   Code   RO         5656    .ARM.Collect$$rtentry$$0000000A  c_w.l(__rtentry2.o)
    0x080001f4   0x080001f4   0x00000000   Code   RO         5658    .ARM.Collect$$rtentry$$0000000C  c_w.l(__rtentry2.o)
    0x080001f4   0x080001f4   0x00000008   Code   RO         5659    .ARM.Collect$$rtentry$$0000000D  c_w.l(__rtentry2.o)
    0x080001fc   0x080001fc   0x00000002   Code   RO         5879    .ARM.Collect$$rtexit$$00000000  c_w.l(rtexit.o)
    0x080001fe   0x080001fe   0x00000000   Code   RO         5933    .ARM.Collect$$rtexit$$00000002  c_w.l(rtexit2.o)
    0x080001fe   0x080001fe   0x00000004   Code   RO         5934    .ARM.Collect$$rtexit$$00000003  c_w.l(rtexit2.o)
    0x08000202   0x08000202   0x00000006   Code   RO         5935    .ARM.Collect$$rtexit$$00000004  c_w.l(rtexit2.o)
    0x08000208   0x08000208   0x00000096   Code   RO         4571    .emb_text           port.o
    0x0800029e   0x0800029e   0x00000002   PAD
    0x080002a0   0x080002a0   0x00000000   Code   RO         5939    .emb_text           c_w.l(maybetermalloc1.o)
    0x080002a0   0x080002a0   0x00000040   Code   RO            4    .text               startup_stm32f103xb.o
    0x080002e0   0x080002e0   0x00000018   Code   RO         5534    .text               c_w.l(noretval__2printf.o)
    0x080002f8   0x080002f8   0x0000004e   Code   RO         5538    .text               c_w.l(_printf_pad.o)
    0x08000346   0x08000346   0x00000052   Code   RO         5540    .text               c_w.l(_printf_str.o)
    0x08000398   0x08000398   0x00000078   Code   RO         5542    .text               c_w.l(_printf_dec.o)
    0x08000410   0x08000410   0x00000058   Code   RO         5547    .text               c_w.l(_printf_hex_int.o)
    0x08000468   0x08000468   0x00000138   Code   RO         5577    .text               c_w.l(__printf_flags_wp.o)
    0x080005a0   0x080005a0   0x0000008a   Code   RO         5591    .text               c_w.l(rt_memcpy_v6.o)
    0x0800062a   0x0800062a   0x00000010   Code   RO         5595    .text               c_w.l(aeabi_memset.o)
    0x0800063a   0x0800063a   0x0000004e   Code   RO         5597    .text               c_w.l(rt_memclr_w.o)
    0x08000688   0x08000688   0x00000080   Code   RO         5599    .text               c_w.l(strcmpv7m.o)
    0x08000708   0x08000708   0x00000006   Code   RO         5601    .text               c_w.l(heapauxi.o)
    0x0800070e   0x0800070e   0x000000b2   Code   RO         5626    .text               c_w.l(_printf_intcommon.o)
    0x080007c0   0x080007c0   0x0000041e   Code   RO         5628    .text               c_w.l(_printf_fp_dec.o)
    0x08000bde   0x08000bde   0x0000002c   Code   RO         5630    .text               c_w.l(_printf_char.o)
    0x08000c0a   0x08000c0a   0x00000002   PAD
    0x08000c0c   0x08000c0c   0x00000024   Code   RO         5632    .text               c_w.l(_printf_char_file.o)
    0x08000c30   0x08000c30   0x00000064   Code   RO         5641    .text               c_w.l(rt_memcpy_w.o)
    0x08000c94   0x08000c94   0x00000044   Code   RO         5643    .text               c_w.l(rt_memclr.o)
    0x08000cd8   0x08000cd8   0x00000008   Code   RO         5670    .text               c_w.l(rt_locale_intlibspace.o)
    0x08000ce0   0x08000ce0   0x0000008a   Code   RO         5672    .text               c_w.l(lludiv10.o)
    0x08000d6a   0x08000d6a   0x00000002   PAD
    0x08000d6c   0x08000d6c   0x00000030   Code   RO         5674    .text               c_w.l(_printf_char_common.o)
    0x08000d9c   0x08000d9c   0x00000080   Code   RO         5676    .text               c_w.l(_printf_fp_infnan.o)
    0x08000e1c   0x08000e1c   0x000000e4   Code   RO         5678    .text               c_w.l(bigflt0.o)
    0x08000f00   0x08000f00   0x00000008   Code   RO         5703    .text               c_w.l(ferror.o)
    0x08000f08   0x08000f08   0x00000138   Code   RO         5709    .text               c_w.l(initio.o)
    0x08001040   0x08001040   0x00000008   Code   RO         5724    .text               c_w.l(libspace.o)
    0x08001048   0x08001048   0x0000004a   Code   RO         5729    .text               c_w.l(sys_stackheap_outer.o)
    0x08001092   0x08001092   0x0000004e   Code   RO         5733    .text               c_w.l(h1_free.o)
    0x080010e0   0x080010e0   0x000001d6   Code   RO         5789    .text               c_w.l(flsbuf.o)
    0x080012b6   0x080012b6   0x00000046   Code   RO         5791    .text               c_w.l(setvbuf.o)
    0x080012fc   0x080012fc   0x000000ec   Code   RO         5794    .text               c_w.l(fopen.o)
    0x080013e8   0x080013e8   0x0000004c   Code   RO         5796    .text               c_w.l(fclose.o)
    0x08001434   0x08001434   0x00000012   Code   RO         5802    .text               c_w.l(exit.o)
    0x08001446   0x08001446   0x0000000e   Code   RO         5804    .text               c_w.l(defsig_rtred_outer.o)
    0x08001454   0x08001454   0x00000008   Code   RO         5886    .text               c_w.l(rt_heap_descriptor_intlibspace.o)
    0x0800145c   0x0800145c   0x00000004   Code   RO         5888    .text               c_w.l(hguard.o)
    0x08001460   0x08001460   0x0000008a   Code   RO         5890    .text               c_w.l(init_alloc.o)
    0x080014ea   0x080014ea   0x0000005e   Code   RO         5896    .text               c_w.l(h1_alloc.o)
    0x08001548   0x08001548   0x000000f8   Code   RO         5912    .text               c_w.l(fseek.o)
    0x08001640   0x08001640   0x000000f0   Code   RO         5914    .text               c_w.l(stdio.o)
    0x08001730   0x08001730   0x0000000a   Code   RO         5920    .text               c_w.l(defsig_exit.o)
    0x0800173a   0x0800173a   0x00000002   PAD
    0x0800173c   0x0800173c   0x00000034   Code   RO         5922    .text               c_w.l(defsig_rtred_inner.o)
    0x08001770   0x08001770   0x0000000c   Code   RO         5930    .text               c_w.l(sys_exit.o)
    0x0800177c   0x0800177c   0x0000000e   Code   RO         5941    .text               c_w.l(h1_init.o)
    0x0800178a   0x0800178a   0x00000034   Code   RO         5943    .text               c_w.l(h1_extend.o)
    0x080017be   0x080017be   0x00000042   Code   RO         5953    .text               c_w.l(ftell.o)
    0x08001800   0x08001800   0x00000032   Code   RO         5961    .text               c_w.l(defsig_general.o)
    0x08001832   0x08001832   0x0000000e   Code   RO         5963    .text               c_w.l(defsig_rtmem_outer.o)
    0x08001840   0x08001840   0x0000000e   Code   RO         5976    .text               c_w.l(sys_wrch.o)
    0x0800184e   0x0800184e   0x00000002   Code   RO         5980    .text               c_w.l(use_no_semi.o)
    0x08001850   0x08001850   0x00000000   Code   RO         5982    .text               c_w.l(indicate_semi.o)
    0x08001850   0x08001850   0x00000008   Code   RO         5986    .text               c_w.l(rt_errno_addr_intlibspace.o)
    0x08001858   0x08001858   0x00000050   Code   RO         5992    .text               c_w.l(defsig_rtmem_inner.o)
    0x080018a8   0x080018a8   0x0000003e   Code   RO         5681    CL$$btod_d2e        c_w.l(btod.o)
    0x080018e6   0x080018e6   0x00000046   Code   RO         5683    CL$$btod_d2e_denorm_low  c_w.l(btod.o)
    0x0800192c   0x0800192c   0x00000060   Code   RO         5682    CL$$btod_d2e_norm_op1  c_w.l(btod.o)
    0x0800198c   0x0800198c   0x00000338   Code   RO         5691    CL$$btod_div_common  c_w.l(btod.o)
    0x08001cc4   0x08001cc4   0x000000dc   Code   RO         5688    CL$$btod_e2e        c_w.l(btod.o)
    0x08001da0   0x08001da0   0x0000002a   Code   RO         5685    CL$$btod_ediv       c_w.l(btod.o)
    0x08001dca   0x08001dca   0x0000002a   Code   RO         5684    CL$$btod_emul       c_w.l(btod.o)
    0x08001df4   0x08001df4   0x00000244   Code   RO         5690    CL$$btod_mult_common  c_w.l(btod.o)
    0x08002038   0x08002038   0x00000002   Code   RO          264    i.BusFault_Handler  stm32f1xx_it.o
    0x0800203a   0x0800203a   0x00000002   PAD
    0x0800203c   0x0800203c   0x0000009c   Code   RO         5388    i.DHCP_init         dhcp.o
    0x080020d8   0x080020d8   0x00000180   Code   RO         5389    i.DHCP_run          dhcp.o
    0x08002258   0x08002258   0x00000002   Code   RO          265    i.DebugMon_Handler  stm32f1xx_it.o
    0x0800225a   0x0800225a   0x00000002   PAD
    0x0800225c   0x0800225c   0x000001e4   Code   RO          922    i.HAL_GPIO_Init     stm32f1xx_hal_gpio.o
    0x08002440   0x08002440   0x0000000a   Code   RO          926    i.HAL_GPIO_WritePin  stm32f1xx_hal_gpio.o
    0x0800244a   0x0800244a   0x00000002   PAD
    0x0800244c   0x0800244c   0x0000000c   Code   RO          617    i.HAL_GetTick       stm32f1xx_hal.o
    0x08002458   0x08002458   0x00000010   Code   RO          623    i.HAL_IncTick       stm32f1xx_hal.o
    0x08002468   0x08002468   0x00000024   Code   RO          624    i.HAL_Init          stm32f1xx_hal.o
    0x0800248c   0x0800248c   0x00000040   Code   RO          625    i.HAL_InitTick      stm32f1xx_hal.o
    0x080024cc   0x080024cc   0x00000048   Code   RO          327    i.HAL_MspInit       stm32f1xx_hal_msp.o
    0x08002514   0x08002514   0x00000064   Code   RO         1083    i.HAL_NVIC_SetPriority  stm32f1xx_hal_cortex.o
    0x08002578   0x08002578   0x00000024   Code   RO         1084    i.HAL_NVIC_SetPriorityGrouping  stm32f1xx_hal_cortex.o
    0x0800259c   0x0800259c   0x000001ac   Code   RO          781    i.HAL_RCC_ClockConfig  stm32f1xx_hal_rcc.o
    0x08002748   0x08002748   0x00000020   Code   RO          788    i.HAL_RCC_GetPCLK1Freq  stm32f1xx_hal_rcc.o
    0x08002768   0x08002768   0x00000020   Code   RO          789    i.HAL_RCC_GetPCLK2Freq  stm32f1xx_hal_rcc.o
    0x08002788   0x08002788   0x000003c8   Code   RO          793    i.HAL_RCC_OscConfig  stm32f1xx_hal_rcc.o
    0x08002b50   0x08002b50   0x000000b8   Code   RO         1547    i.HAL_SPI_Init      stm32f1xx_hal_spi.o
    0x08002c08   0x08002c08   0x00000074   Code   RO          329    i.HAL_SPI_MspInit   stm32f1xx_hal_msp.o
    0x08002c7c   0x08002c7c   0x000001c6   Code   RO         1550    i.HAL_SPI_Receive   stm32f1xx_hal_spi.o
    0x08002e42   0x08002e42   0x000001ba   Code   RO         1555    i.HAL_SPI_Transmit  stm32f1xx_hal_spi.o
    0x08002ffc   0x08002ffc   0x00000232   Code   RO         1556    i.HAL_SPI_TransmitReceive  stm32f1xx_hal_spi.o
    0x0800322e   0x0800322e   0x00000002   PAD
    0x08003230   0x08003230   0x0000002c   Code   RO         1088    i.HAL_SYSTICK_Config  stm32f1xx_hal_cortex.o
    0x0800325c   0x0800325c   0x0000006e   Code   RO         2529    i.HAL_TIMEx_MasterConfigSynchronization  stm32f1xx_hal_tim_ex.o
    0x080032ca   0x080032ca   0x0000005a   Code   RO         1844    i.HAL_TIM_Base_Init  stm32f1xx_hal_tim.o
    0x08003324   0x08003324   0x0000002c   Code   RO          331    i.HAL_TIM_Base_MspInit  stm32f1xx_hal_msp.o
    0x08003350   0x08003350   0x0000016e   Code   RO         1853    i.HAL_TIM_ConfigClockSource  stm32f1xx_hal_tim.o
    0x080034be   0x080034be   0x00000064   Code   RO         2802    i.HAL_UART_Init     stm32f1xx_hal_uart.o
    0x08003522   0x08003522   0x00000002   PAD
    0x08003524   0x08003524   0x00000060   Code   RO          333    i.HAL_UART_MspInit  stm32f1xx_hal_msp.o
    0x08003584   0x08003584   0x00000150   Code   RO         2810    i.HAL_UART_Transmit  stm32f1xx_hal_uart.o
    0x080036d4   0x080036d4   0x00000002   Code   RO          266    i.HardFault_Handler  stm32f1xx_it.o
    0x080036d6   0x080036d6   0x00000002   PAD
    0x080036d8   0x080036d8   0x0000004c   Code   RO          484    i.MX_CoreMarkApp_Init  app_coremarkapp.o
    0x08003724   0x08003724   0x00000002   Code   RO          267    i.MemManage_Handler  stm32f1xx_it.o
    0x08003726   0x08003726   0x00000002   Code   RO          268    i.NMI_Handler       stm32f1xx_it.o
    0x08003728   0x08003728   0x000000c0   Code   RO         1587    i.SPI_WaitFlagStateUntilTimeout  stm32f1xx_hal_spi.o
    0x080037e8   0x080037e8   0x0000001c   Code   RO           15    i.StartcoremarkTask  main.o
    0x08003804   0x08003804   0x00000150   Code   RO           16    i.StartmainTask     main.o
    0x08003954   0x08003954   0x00000018   Code   RO          269    i.SysTick_Handler   stm32f1xx_it.o
    0x0800396c   0x0800396c   0x00000002   Code   RO         3120    i.SystemInit        system_stm32f1xx.o
    0x0800396e   0x0800396e   0x00000002   PAD
    0x08003970   0x08003970   0x00000078   Code   RO         1937    i.TIM_Base_SetConfig  stm32f1xx_hal_tim.o
    0x080039e8   0x080039e8   0x000000cc   Code   RO         2826    i.UART_SetConfig    stm32f1xx_hal_uart.o
    0x08003ab4   0x08003ab4   0x00000002   Code   RO          270    i.UsageFault_Handler  stm32f1xx_it.o
    0x08003ab6   0x08003ab6   0x00000002   PAD
    0x08003ab8   0x08003ab8   0x00000060   Code   RO         5326    i.WIZCHIP_READ      w5500.o
    0x08003b18   0x08003b18   0x0000007c   Code   RO         5327    i.WIZCHIP_READ_BUF  w5500.o
    0x08003b94   0x08003b94   0x00000060   Code   RO         5328    i.WIZCHIP_WRITE     w5500.o
    0x08003bf4   0x08003bf4   0x00000074   Code   RO         5329    i.WIZCHIP_WRITE_BUF  w5500.o
    0x08003c68   0x08003c68   0x000000c8   Code   RO          387    i.WIZ_ChipInit      wizinterface.o
    0x08003d30   0x08003d30   0x000001a4   Code   RO          388    i.WIZ_NetworkInit   wizinterface.o
    0x08003ed4   0x08003ed4   0x00000010   Code   RO          389    i.WIZ_SPI_Deselect  wizinterface.o
    0x08003ee4   0x08003ee4   0x00000014   Code   RO          390    i.WIZ_SPI_RxBuffer  wizinterface.o
    0x08003ef8   0x08003ef8   0x0000001c   Code   RO          391    i.WIZ_SPI_RxByte    wizinterface.o
    0x08003f14   0x08003f14   0x00000010   Code   RO          392    i.WIZ_SPI_Select    wizinterface.o
    0x08003f24   0x08003f24   0x00000014   Code   RO          393    i.WIZ_SPI_TxBuffer  wizinterface.o
    0x08003f38   0x08003f38   0x00000018   Code   RO          394    i.WIZ_SPI_TxByte    wizinterface.o
    0x08003f50   0x08003f50   0x0000000a   Code   RO         5522    i.__ARM_common_memclr4_10  dhcp.o
    0x08003f5a   0x08003f5a   0x00000028   Code   RO         5722    i.__ARM_fpclassify  m_ws.l(fpclassify.o)
    0x08003f82   0x08003f82   0x0000000e   Code   RO         5575    i._is_digit         c_w.l(__printf_wp.o)
    0x08003f90   0x08003f90   0x00000004   Code   RO          486    i._sys_close        app_coremarkapp.o
    0x08003f94   0x08003f94   0x00000004   Code   RO          487    i._sys_flen         app_coremarkapp.o
    0x08003f98   0x08003f98   0x00000004   Code   RO          488    i._sys_istty        app_coremarkapp.o
    0x08003f9c   0x08003f9c   0x00000068   Code   RO          489    i._sys_open         app_coremarkapp.o
    0x08004004   0x08004004   0x00000004   Code   RO          490    i._sys_seek         app_coremarkapp.o
    0x08004008   0x08004008   0x00000040   Code   RO          491    i._sys_write        app_coremarkapp.o
    0x08004048   0x08004048   0x0000008e   Code   RO         4651    i.calc_func         core_list_join.o
    0x080040d6   0x080040d6   0x00000002   PAD
    0x080040d8   0x080040d8   0x00000030   Code   RO          395    i.cbIPAddrAssigned  wizinterface.o
    0x08004108   0x08004108   0x00000030   Code   RO          396    i.cbIPAddrConfict   wizinterface.o
    0x08004138   0x08004138   0x0000006c   Code   RO         5393    i.check_DHCP_leasedIP  dhcp.o
    0x080041a4   0x080041a4   0x0000006c   Code   RO         5394    i.check_DHCP_timeout  dhcp.o
    0x08004210   0x08004210   0x00000004   Code   RO         4901    i.check_data_types  core_util.o
    0x08004214   0x08004214   0x0000008c   Code   RO         5032    i.close             socket.o
    0x080042a0   0x080042a0   0x0000001a   Code   RO         4652    i.cmp_complex       core_list_join.o
    0x080042ba   0x080042ba   0x0000002a   Code   RO         4653    i.cmp_idx           core_list_join.o
    0x080042e4   0x080042e4   0x00000120   Code   RO         5033    i.connect           socket.o
    0x08004404   0x08004404   0x00000188   Code   RO         4655    i.core_bench_list   core_list_join.o
    0x0800458c   0x0800458c   0x00000022   Code   RO         4788    i.core_bench_matrix  core_matrix.o
    0x080045ae   0x080045ae   0x000000ec   Code   RO         4855    i.core_bench_state  core_state.o
    0x0800469a   0x0800469a   0x00000002   PAD
    0x0800469c   0x0800469c   0x000000a6   Code   RO         4789    i.core_init_matrix  core_matrix.o
    0x08004742   0x08004742   0x00000002   PAD
    0x08004744   0x08004744   0x0000010c   Code   RO         4856    i.core_init_state   core_state.o
    0x08004850   0x08004850   0x00000110   Code   RO         4657    i.core_list_init    core_list_join.o
    0x08004960   0x08004960   0x000000a6   Code   RO         4659    i.core_list_mergesort  core_list_join.o
    0x08004a06   0x08004a06   0x000001a8   Code   RO         4857    i.core_state_transition  core_state.o
    0x08004bae   0x08004bae   0x00000002   PAD
    0x08004bb0   0x08004bb0   0x00000940   Code   RO         4752    i.coremark_main     core_main.o
    0x080054f0   0x080054f0   0x0000004e   Code   RO         4902    i.crc16             core_util.o
    0x0800553e   0x0800553e   0x00000002   PAD
    0x08005540   0x08005540   0x0000004a   Code   RO         4903    i.crcu16            core_util.o
    0x0800558a   0x0800558a   0x00000018   Code   RO         4904    i.crcu32            core_util.o
    0x080055a2   0x080055a2   0x00000002   PAD
    0x080055a4   0x080055a4   0x00000120   Code   RO         5114    i.ctlnetwork        wizchip_conf.o
    0x080056c4   0x080056c4   0x00000034   Code   RO         5395    i.default_ip_assign  dhcp.o
    0x080056f8   0x080056f8   0x00000024   Code   RO         5396    i.default_ip_conflict  dhcp.o
    0x0800571c   0x0800571c   0x00000054   Code   RO         5397    i.default_ip_update  dhcp.o
    0x08005770   0x08005770   0x0000001a   Code   RO         5706    i.fputc             c_w.l(fputc.o)
    0x0800578a   0x0800578a   0x00000002   PAD
    0x0800578c   0x0800578c   0x00000018   Code   RO         5400    i.getGWfromDHCP     dhcp.o
    0x080057a4   0x080057a4   0x00000018   Code   RO         5401    i.getIPfromDHCP     dhcp.o
    0x080057bc   0x080057bc   0x00000018   Code   RO         5402    i.getSNfromDHCP     dhcp.o
    0x080057d4   0x080057d4   0x0000004c   Code   RO         5330    i.getSn_RX_RSR      w5500.o
    0x08005820   0x08005820   0x0000004c   Code   RO         5331    i.getSn_TX_FSR      w5500.o
    0x0800586c   0x0800586c   0x00000040   Code   RO         4906    i.get_seed_32       core_util.o
    0x080058ac   0x080058ac   0x00000010   Code   RO         4953    i.get_time          core_portme.o
    0x080058bc   0x080058bc   0x00000294   Code   RO           18    i.main              main.o
    0x08005b50   0x08005b50   0x000000c0   Code   RO         5403    i.makeDHCPMSG       dhcp.o
    0x08005c10   0x08005c10   0x0000005c   Code   RO         4795    i.matrix_sum        core_matrix.o
    0x08005c6c   0x08005c6c   0x000002ce   Code   RO         4796    i.matrix_test       core_matrix.o
    0x08005f3a   0x08005f3a   0x00000002   PAD
    0x08005f3c   0x08005f3c   0x00000034   Code   RO         4111    i.osDelay           cmsis_os2.o
    0x08005f70   0x08005f70   0x00000038   Code   RO         4125    i.osKernelInitialize  cmsis_os2.o
    0x08005fa8   0x08005fa8   0x00000040   Code   RO         4128    i.osKernelStart     cmsis_os2.o
    0x08005fe8   0x08005fe8   0x00000078   Code   RO         4144    i.osSemaphoreAcquire  cmsis_os2.o
    0x08006060   0x08006060   0x000000bc   Code   RO         4147    i.osSemaphoreNew    cmsis_os2.o
    0x0800611c   0x0800611c   0x0000006c   Code   RO         4148    i.osSemaphoreRelease  cmsis_os2.o
    0x08006188   0x08006188   0x000000bc   Code   RO         4162    i.osThreadNew       cmsis_os2.o
    0x08006244   0x08006244   0x00000234   Code   RO         5404    i.parseDHCPMSG      dhcp.o
    0x08006478   0x08006478   0x00000006   Code   RO         4954    i.portable_fini     core_portme.o
    0x0800647e   0x0800647e   0x00000006   Code   RO         4955    i.portable_init     core_portme.o
    0x08006484   0x08006484   0x00000060   Code   RO         3667    i.prvAddCurrentTaskToDelayedList  tasks.o
    0x080064e4   0x080064e4   0x000000e8   Code   RO         3668    i.prvAddNewTaskToReadyList  tasks.o
    0x080065cc   0x080065cc   0x0000008c   Code   RO         3669    i.prvIdleTask       tasks.o
    0x08006658   0x08006658   0x000000cc   Code   RO         3987    i.prvSampleTimeNow  timers.o
    0x08006724   0x08006724   0x0000002c   Code   RO         4572    i.prvTaskExitError  port.o
    0x08006750   0x08006750   0x000002c0   Code   RO         3988    i.prvTimerTask      timers.o
    0x08006a10   0x08006a10   0x0000006c   Code   RO         3319    i.prvUnlockQueue    queue.o
    0x08006a7c   0x08006a7c   0x00000184   Code   RO         4532    i.pvPortMalloc      heap_4.o
    0x08006c00   0x08006c00   0x00000018   Code   RO         3671    i.pvTaskIncrementMutexHeldCount  tasks.o
    0x08006c18   0x08006c18   0x00000024   Code   RO         4573    i.pxPortInitialiseStack  port.o
    0x08006c3c   0x08006c3c   0x0000025c   Code   RO         5039    i.recvfrom          socket.o
    0x08006e98   0x08006e98   0x00000040   Code   RO         5405    i.reg_dhcp_cbfunc   dhcp.o
    0x08006ed8   0x08006ed8   0x00000024   Code   RO         5117    i.reg_wizchip_cris_cbfunc  wizchip_conf.o
    0x08006efc   0x08006efc   0x00000024   Code   RO         5118    i.reg_wizchip_cs_cbfunc  wizchip_conf.o
    0x08006f20   0x08006f20   0x00000034   Code   RO         5119    i.reg_wizchip_spi_cbfunc  wizchip_conf.o
    0x08006f54   0x08006f54   0x00000034   Code   RO         5120    i.reg_wizchip_spiburst_cbfunc  wizchip_conf.o
    0x08006f88   0x08006f88   0x00000130   Code   RO         5040    i.send              socket.o
    0x080070b8   0x080070b8   0x00000100   Code   RO         5407    i.send_DHCP_DECLINE  dhcp.o
    0x080071b8   0x080071b8   0x00000234   Code   RO         5408    i.send_DHCP_DISCOVER  dhcp.o
    0x080073ec   0x080073ec   0x000002fc   Code   RO         5409    i.send_DHCP_REQUEST  dhcp.o
    0x080076e8   0x080076e8   0x0000019c   Code   RO         5041    i.sendto            socket.o
    0x08007884   0x08007884   0x0000013c   Code   RO         5043    i.socket            socket.o
    0x080079c0   0x080079c0   0x00000014   Code   RO         4956    i.start_time        core_portme.o
    0x080079d4   0x080079d4   0x00000014   Code   RO         4957    i.stop_time         core_portme.o
    0x080079e8   0x080079e8   0x00000018   Code   RO         4958    i.time_in_secs      core_portme.o
    0x08007a00   0x08007a00   0x00000026   Code   RO         3279    i.uxListRemove      list.o
    0x08007a26   0x08007a26   0x00000002   PAD
    0x08007a28   0x08007a28   0x00000014   Code   RO         4174    i.vApplicationGetIdleTaskMemory  cmsis_os2.o
    0x08007a3c   0x08007a3c   0x00000018   Code   RO         4175    i.vApplicationGetTimerTaskMemory  cmsis_os2.o
    0x08007a54   0x08007a54   0x00000016   Code   RO         3280    i.vListInitialise   list.o
    0x08007a6a   0x08007a6a   0x00000006   Code   RO         3281    i.vListInitialiseItem  list.o
    0x08007a70   0x08007a70   0x0000003a   Code   RO         3282    i.vListInsert       list.o
    0x08007aaa   0x08007aaa   0x00000018   Code   RO         3283    i.vListInsertEnd    list.o
    0x08007ac2   0x08007ac2   0x00000002   PAD
    0x08007ac4   0x08007ac4   0x00000040   Code   RO         4575    i.vPortEnterCritical  port.o
    0x08007b04   0x08007b04   0x0000002c   Code   RO         4576    i.vPortExitCritical  port.o
    0x08007b30   0x08007b30   0x000000a4   Code   RO         4533    i.vPortFree         heap_4.o
    0x08007bd4   0x08007bd4   0x00000054   Code   RO         4578    i.vPortValidateInterruptPriority  port.o
    0x08007c28   0x08007c28   0x00000028   Code   RO         3325    i.vQueueAddToRegistry  queue.o
    0x08007c50   0x08007c50   0x00000050   Code   RO         3326    i.vQueueDelete      queue.o
    0x08007ca0   0x08007ca0   0x0000004a   Code   RO         3329    i.vQueueWaitForMessageRestricted  queue.o
    0x08007cea   0x08007cea   0x00000002   PAD
    0x08007cec   0x08007cec   0x0000004c   Code   RO         3680    i.vTaskDelay        tasks.o
    0x08007d38   0x08007d38   0x00000010   Code   RO         3685    i.vTaskInternalSetTimeOutState  tasks.o
    0x08007d48   0x08007d48   0x0000000c   Code   RO         3686    i.vTaskMissedYield  tasks.o
    0x08007d54   0x08007d54   0x00000034   Code   RO         3688    i.vTaskPlaceOnEventList  tasks.o
    0x08007d88   0x08007d88   0x0000003c   Code   RO         3689    i.vTaskPlaceOnEventListRestricted  tasks.o
    0x08007dc4   0x08007dc4   0x0000009c   Code   RO         3691    i.vTaskPriorityDisinheritAfterTimeout  tasks.o
    0x08007e60   0x08007e60   0x0000008c   Code   RO         3697    i.vTaskStartScheduler  tasks.o
    0x08007eec   0x08007eec   0x00000010   Code   RO         3699    i.vTaskSuspendAll   tasks.o
    0x08007efc   0x08007efc   0x0000006c   Code   RO         3700    i.vTaskSwitchContext  tasks.o
    0x08007f68   0x08007f68   0x000000d0   Code   RO         5332    i.wiz_recv_data     w5500.o
    0x08008038   0x08008038   0x00000042   Code   RO         5333    i.wiz_recv_ignore   w5500.o
    0x0800807a   0x0800807a   0x00000002   PAD
    0x0800807c   0x0800807c   0x000000c4   Code   RO         5334    i.wiz_send_data     w5500.o
    0x08008140   0x08008140   0x00000004   Code   RO         5121    i.wizchip_bus_readdata  wizchip_conf.o
    0x08008144   0x08008144   0x00000004   Code   RO         5122    i.wizchip_bus_writedata  wizchip_conf.o
    0x08008148   0x08008148   0x00000002   Code   RO         5124    i.wizchip_cris_enter  wizchip_conf.o
    0x0800814a   0x0800814a   0x00000002   Code   RO         5125    i.wizchip_cris_exit  wizchip_conf.o
    0x0800814c   0x0800814c   0x00000004   Code   RO          398    i.wizchip_critical_section_lock  wizinterface.o
    0x08008150   0x08008150   0x00000004   Code   RO          399    i.wizchip_critical_section_unlock  wizinterface.o
    0x08008154   0x08008154   0x00000002   Code   RO         5126    i.wizchip_cs_deselect  wizchip_conf.o
    0x08008156   0x08008156   0x00000002   Code   RO         5127    i.wizchip_cs_select  wizchip_conf.o
    0x08008158   0x08008158   0x00000058   Code   RO         5130    i.wizchip_getnetinfo  wizchip_conf.o
    0x080081b0   0x080081b0   0x00000058   Code   RO         5135    i.wizchip_setnetinfo  wizchip_conf.o
    0x08008208   0x08008208   0x00000002   Code   RO         5138    i.wizchip_spi_readburst  wizchip_conf.o
    0x0800820a   0x0800820a   0x00000004   Code   RO         5139    i.wizchip_spi_readbyte  wizchip_conf.o
    0x0800820e   0x0800820e   0x00000002   Code   RO         5140    i.wizchip_spi_writeburst  wizchip_conf.o
    0x08008210   0x08008210   0x00000002   Code   RO         5141    i.wizchip_spi_writebyte  wizchip_conf.o
    0x08008212   0x08008212   0x0000001a   Code   RO         5146    i.wizphy_getphystat  wizchip_conf.o
    0x0800822c   0x0800822c   0x000000d8   Code   RO         4579    i.xPortStartScheduler  port.o
    0x08008304   0x08008304   0x0000002c   Code   RO         4580    i.xPortSysTickHandler  port.o
    0x08008330   0x08008330   0x0000003a   Code   RO         3330    i.xQueueCreateCountingSemaphore  queue.o
    0x0800836a   0x0800836a   0x00000040   Code   RO         3331    i.xQueueCreateCountingSemaphoreStatic  queue.o
    0x080083aa   0x080083aa   0x00000096   Code   RO         3334    i.xQueueGenericCreate  queue.o
    0x08008440   0x08008440   0x000000b8   Code   RO         3335    i.xQueueGenericCreateStatic  queue.o
    0x080084f8   0x080084f8   0x000001d4   Code   RO         3337    i.xQueueGenericSend  queue.o
    0x080086cc   0x080086cc   0x0000011a   Code   RO         3338    i.xQueueGenericSendFromISR  queue.o
    0x080087e6   0x080087e6   0x0000009e   Code   RO         3341    i.xQueueGiveFromISR  queue.o
    0x08008884   0x08008884   0x00000158   Code   RO         3347    i.xQueueReceive     queue.o
    0x080089dc   0x080089dc   0x000000ae   Code   RO         3348    i.xQueueReceiveFromISR  queue.o
    0x08008a8a   0x08008a8a   0x00000002   PAD
    0x08008a8c   0x08008a8c   0x0000019c   Code   RO         3349    i.xQueueSemaphoreTake  queue.o
    0x08008c28   0x08008c28   0x00000080   Code   RO         3701    i.xTaskCheckForTimeOut  tasks.o
    0x08008ca8   0x08008ca8   0x000000b8   Code   RO         3702    i.xTaskCreate       tasks.o
    0x08008d60   0x08008d60   0x000000d6   Code   RO         3703    i.xTaskCreateStatic  tasks.o
    0x08008e36   0x08008e36   0x00000002   PAD
    0x08008e38   0x08008e38   0x0000001c   Code   RO         3707    i.xTaskGetSchedulerState  tasks.o
    0x08008e54   0x08008e54   0x0000000c   Code   RO         3708    i.xTaskGetTickCount  tasks.o
    0x08008e60   0x08008e60   0x000000e4   Code   RO         3710    i.xTaskIncrementTick  tasks.o
    0x08008f44   0x08008f44   0x00000084   Code   RO         3713    i.xTaskPriorityDisinherit  tasks.o
    0x08008fc8   0x08008fc8   0x00000080   Code   RO         3714    i.xTaskPriorityInherit  tasks.o
    0x08009048   0x08009048   0x00000074   Code   RO         3715    i.xTaskRemoveFromEventList  tasks.o
    0x080090bc   0x080090bc   0x000001c0   Code   RO         3716    i.xTaskResumeAll    tasks.o
    0x0800927c   0x0800927c   0x000000ac   Code   RO         3995    i.xTimerCreateTimerTask  timers.o
    0x08009328   0x08009328   0x00000078   Code   RO         3996    i.xTimerGenericCommand  timers.o
    0x080093a0   0x080093a0   0x0000002c   Code   RO         5718    locale$$code        c_w.l(lc_numeric_c.o)
    0x080093cc   0x080093cc   0x00000018   Code   RO         5645    x$fpl$dcmpinf       fz_ws.l(dcmpi.o)
    0x080093e4   0x080093e4   0x000002b0   Code   RO         5606    x$fpl$ddiv          fz_ws.l(ddiv.o)
    0x08009694   0x08009694   0x0000005a   Code   RO         5609    x$fpl$dfixu         fz_ws.l(dfixu.o)
    0x080096ee   0x080096ee   0x00000026   Code   RO         5613    x$fpl$dfltu         fz_ws.l(dflt_clz.o)
    0x08009714   0x08009714   0x00000078   Code   RO         5619    x$fpl$dleqf         fz_ws.l(dleqf.o)
    0x0800978c   0x0800978c   0x0000009c   Code   RO         5647    x$fpl$dnaninf       fz_ws.l(dnaninf.o)
    0x08009828   0x08009828   0x0000000c   Code   RO         5649    x$fpl$dretinf       fz_ws.l(dretinf.o)
    0x08009834   0x08009834   0x0000006c   Code   RO         5621    x$fpl$drleqf        fz_ws.l(drleqf.o)
    0x080098a0   0x080098a0   0x00000004   Code   RO         5623    x$fpl$printf1       fz_ws.l(printf1.o)
    0x080098a4   0x080098a4   0x00000000   Code   RO         5651    x$fpl$usenofp       fz_ws.l(usenofp.o)
    0x080098a4   0x080098a4   0x00000058   Data   RO           20    .constdata          main.o
    0x080098fc   0x080098fc   0x00000007   Data   RO          493    .constdata          app_coremarkapp.o
    0x08009903   0x08009903   0x00000008   Data   RO          494    .constdata          app_coremarkapp.o
    0x0800990b   0x0800990b   0x00000008   Data   RO          495    .constdata          app_coremarkapp.o
    0x08009913   0x08009913   0x00000012   Data   RO          794    .constdata          stm32f1xx_hal_rcc.o
    0x08009925   0x08009925   0x00000010   Data   RO         3121    .constdata          system_stm32f1xx.o
    0x08009935   0x08009935   0x00000008   Data   RO         3122    .constdata          system_stm32f1xx.o
    0x0800993d   0x0800993d   0x00000028   Data   RO         5548    .constdata          c_w.l(_printf_hex_int.o)
    0x08009965   0x08009965   0x00000011   Data   RO         5578    .constdata          c_w.l(__printf_flags_wp.o)
    0x08009976   0x08009976   0x00000002   PAD
    0x08009978   0x08009978   0x00000094   Data   RO         5679    .constdata          c_w.l(bigflt0.o)
    0x08009a0c   0x08009a0c   0x0000002f   Data   RO           21    .conststring        main.o
    0x08009a3b   0x08009a3b   0x00000001   PAD
    0x08009a3c   0x08009a3c   0x00000093   Data   RO          401    .conststring        wizinterface.o
    0x08009acf   0x08009acf   0x00000001   PAD
    0x08009ad0   0x08009ad0   0x000000ae   Data   RO         4755    .conststring        core_main.o
    0x08009b7e   0x08009b7e   0x00000002   PAD
    0x08009b80   0x08009b80   0x000000ad   Data   RO         4858    .conststring        core_state.o
    0x08009c2d   0x08009c2d   0x00000003   PAD
    0x08009c30   0x08009c30   0x00000020   Data   RO         6017    Region$$Table       anon$$obj.o
    0x08009c50   0x08009c50   0x0000001c   Data   RO         5717    locale$$data        c_w.l(lc_numeric_c.o)


    Execution Region RW_IRAM1 (Exec base: 0x20000000, Load base: 0x08009c6c, Size: 0x00004f48, Max: 0x00005000, ABSOLUTE, COMPRESSED[0x000000c0])

    Exec Addr    Load Addr    Size         Type   Attr      Idx    E Section Name        Object

    0x20000000   COMPRESSED   0x00000014   Data   RW           22    .data               main.o
    0x20000014   COMPRESSED   0x0000001f   Data   RW          402    .data               wizinterface.o
    0x20000033   COMPRESSED   0x00000001   PAD
    0x20000034   COMPRESSED   0x0000000c   Data   RW          631    .data               stm32f1xx_hal.o
    0x20000040   COMPRESSED   0x00000004   Data   RW         3123    .data               system_stm32f1xx.o
    0x20000044   COMPRESSED   0x0000003c   Data   RW         3719    .data               tasks.o
    0x20000080   COMPRESSED   0x00000014   Data   RW         4004    .data               timers.o
    0x20000094   COMPRESSED   0x00000004   Data   RW         4177    .data               cmsis_os2.o
    0x20000098   COMPRESSED   0x00000018   Data   RW         4538    .data               heap_4.o
    0x200000b0   COMPRESSED   0x0000000c   Data   RW         4581    .data               port.o
    0x200000bc   COMPRESSED   0x0000001e   Data   RW         4756    .data               core_main.o
    0x200000da   COMPRESSED   0x00000002   PAD
    0x200000dc   COMPRESSED   0x00000040   Data   RW         4859    .data               core_state.o
    0x2000011c   COMPRESSED   0x00000004   Data   RW         4959    .data               core_portme.o
    0x20000120   COMPRESSED   0x00000004   Data   RW         4960    .data               core_portme.o
    0x20000124   COMPRESSED   0x00000004   Data   RW         4961    .data               core_portme.o
    0x20000128   COMPRESSED   0x00000004   Data   RW         4962    .data               core_portme.o
    0x2000012c   COMPRESSED   0x00000004   Data   RW         4963    .data               core_portme.o
    0x20000130   COMPRESSED   0x00000004   Data   RW         4964    .data               core_portme.o
    0x20000134   COMPRESSED   0x00000008   Data   RW         4965    .data               core_portme.o
    0x2000013c   COMPRESSED   0x0000000e   Data   RW         5045    .data               socket.o
    0x2000014a   COMPRESSED   0x00000002   PAD
    0x2000014c   COMPRESSED   0x00000034   Data   RW         5150    .data               wizchip_conf.o
    0x20000180   COMPRESSED   0x0000004e   Data   RW         5410    .data               dhcp.o
    0x200001ce   COMPRESSED   0x00000002   PAD
    0x200001d0   COMPRESSED   0x00000004   Data   RW         5638    .data               c_w.l(stdio_streams.o)
    0x200001d4   COMPRESSED   0x00000004   Data   RW         5639    .data               c_w.l(stdio_streams.o)
    0x200001d8   COMPRESSED   0x00000004   Data   RW         5640    .data               c_w.l(stdio_streams.o)
    0x200001dc        -       0x00000128   Zero   RW           19    .bss                main.o
    0x20000304        -       0x00000400   Zero   RW          400    .bss                wizinterface.o
    0x20000704        -       0x00000040   Zero   RW         3351    .bss                queue.o
    0x20000744        -       0x000004c4   Zero   RW         3718    .bss                tasks.o
    0x20000c08        -       0x00000118   Zero   RW         4003    .bss                timers.o
    0x20000d20        -       0x000006b8   Zero   RW         4176    .bss                cmsis_os2.o
    0x200013d8        -       0x00001800   Zero   RW         4537    .bss                heap_4.o
    0x20002bd8        -       0x00000010   Zero   RW         5044    .bss                socket.o
    0x20002be8        -       0x00000054   Zero   RW         5635    .bss                c_w.l(stdio_streams.o)
    0x20002c3c        -       0x00000054   Zero   RW         5636    .bss                c_w.l(stdio_streams.o)
    0x20002c90        -       0x00000054   Zero   RW         5637    .bss                c_w.l(stdio_streams.o)
    0x20002ce4        -       0x00000060   Zero   RW         5725    .bss                c_w.l(libspace.o)
    0x20002d44   COMPRESSED   0x00000004   PAD
    0x20002d48        -       0x00000200   Zero   RW            2    HEAP                startup_stm32f103xb.o
    0x20002f48        -       0x00002000   Zero   RW            1    STACK               startup_stm32f103xb.o


==============================================================================

Image component sizes


      Code (inc. data)   RO Data    RW Data    ZI Data      Debug   Object Name

       260         82         23          0          0       5744   app_coremarkapp.o
       820         52          0          4       1720      20801   cmsis_os2.o
      1040         16          0          0          0      11383   core_list_join.o
      2368        894        174         30          0       3265   core_main.o
      1010          0          0          0          0       7687   core_matrix.o
        92         32          0         32          0       9265   core_portme.o
       928         16        173         64          0       5301   core_state.o
       244         28          0          0          0       4274   core_util.o
      3414        174          0         78          0      17163   dhcp.o
         0          0          0          0          0      20308   event_groups.o
         0          0          0          0          0       2664   freertos.o
       552         22          0         24       6144       4147   heap_4.o
       148          0          0          0          0       3558   list.o
      1024        336        135         20        296     447751   main.o
       682         72          0         12          0      10637   port.o
      2596         26          0          0         64      24312   queue.o
      2064         54          0         14         16       8107   socket.o
        64         26        236          0       8704        832   startup_stm32f103xb.o
       128         24          0         12          0       5437   stm32f1xx_hal.o
       180         16          0          0          0      27966   stm32f1xx_hal_cortex.o
       494         22          0          0          0       2884   stm32f1xx_hal_gpio.o
       328         34          0          0          0       3030   stm32f1xx_hal_msp.o
      1460         82         18          0          0       4866   stm32f1xx_hal_rcc.o
      1834          6          0          0          0       7575   stm32f1xx_hal_spi.o
       576         12          0          0          0       5257   stm32f1xx_hal_tim.o
       110          0          0          0          0       1396   stm32f1xx_hal_tim_ex.o
       640          6          0          0          0       4423   stm32f1xx_hal_uart.o
        36          0          0          0          0       3215   stm32f1xx_it.o
         0          0          0          0          0       8952   stream_buffer.o
         2          0         24          4          0       1179   system_stm32f1xx.o
      2746        204          0         60       1220      26382   tasks.o
      1200         60          0         20        280      25979   timers.o
      1054         34          0          0          0       8040   w5500.o
       692         76          0         52          0      16424   wizchip_conf.o
       848        330        147         31       1024       7371   wizinterface.o

    ----------------------------------------------------------------------
     29678       2736        969        464      19468     767575   Object Totals
         0          0         32          0          0          0   (incl. Generated)
        44          0          7          7          0          0   (incl. Padding)

    ----------------------------------------------------------------------

      Code (inc. data)   RO Data    RW Data    ZI Data      Debug   Library Member Name

        90          0          0          0          0          0   __dczerorl2.o
         8          0          0          0          0         68   __main.o
       312          4         17          0          0         92   __printf_flags_wp.o
        14          0          0          0          0         68   __printf_wp.o
         0          0          0          0          0          0   __rtentry.o
        12          0          0          0          0          0   __rtentry2.o
         6          0          0          0          0          0   __rtentry4.o
        52          8          0          0          0          0   __scatter.o
        28          0          0          0          0          0   __scatter_zi.o
        44          0          0          0          0        108   _printf_char.o
        48          6          0          0          0         96   _printf_char_common.o
        36          4          0          0          0         80   _printf_char_file.o
         6          0          0          0          0          0   _printf_d.o
       120         16          0          0          0         92   _printf_dec.o
         6          0          0          0          0          0   _printf_f.o
      1054          0          0          0          0        216   _printf_fp_dec.o
       128         16          0          0          0         84   _printf_fp_infnan.o
        88          4         40          0          0         88   _printf_hex_int.o
       178          0          0          0          0         88   _printf_intcommon.o
        78          0          0          0          0        108   _printf_pad.o
         0          0          0          0          0          0   _printf_percent.o
         4          0          0          0          0          0   _printf_percent_end.o
         6          0          0          0          0          0   _printf_s.o
        82          0          0          0          0         80   _printf_str.o
         6          0          0          0          0          0   _printf_u.o
         6          0          0          0          0          0   _printf_x.o
        16          0          0          0          0         68   aeabi_memset.o
       228          4        148          0          0         96   bigflt0.o
      1936        128          0          0          0        672   btod.o
        10          0          0          0          0         68   defsig_exit.o
        50          0          0          0          0         88   defsig_general.o
        80         58          0          0          0         76   defsig_rtmem_inner.o
        14          0          0          0          0         80   defsig_rtmem_outer.o
        52         38          0          0          0         76   defsig_rtred_inner.o
        14          0          0          0          0         80   defsig_rtred_outer.o
        18          0          0          0          0         80   exit.o
        76          0          0          0          0         88   fclose.o
         8          0          0          0          0         68   ferror.o
       470          0          0          0          0         88   flsbuf.o
       236          4          0          0          0        128   fopen.o
        26          0          0          0          0         68   fputc.o
       248          6          0          0          0         84   fseek.o
        66          0          0          0          0         76   ftell.o
        94          0          0          0          0         80   h1_alloc.o
        52          0          0          0          0         68   h1_extend.o
        78          0          0          0          0         80   h1_free.o
        14          0          0          0          0         84   h1_init.o
         6          0          0          0          0        152   heapauxi.o
         4          0          0          0          0        136   hguard.o
         0          0          0          0          0          0   indicate_semi.o
       138          0          0          0          0        168   init_alloc.o
       312         46          0          0          0        112   initio.o
        44         10         28          0          0         76   lc_numeric_c.o
         2          0          0          0          0          0   libinit.o
        30          0          0          0          0          0   libinit2.o
         2          0          0          0          0          0   libshutdown.o
         6          0          0          0          0          0   libshutdown2.o
         8          4          0          0         96         68   libspace.o
       138          0          0          0          0         80   lludiv10.o
         0          0          0          0          0          0   maybetermalloc1.o
        24          4          0          0          0         84   noretval__2printf.o
         8          4          0          0          0         68   rt_errno_addr_intlibspace.o
         8          4          0          0          0         68   rt_heap_descriptor_intlibspace.o
         8          4          0          0          0         68   rt_locale_intlibspace.o
        68          0          0          0          0         68   rt_memclr.o
        78          0          0          0          0         80   rt_memclr_w.o
       138          0          0          0          0         68   rt_memcpy_v6.o
       100          0          0          0          0         80   rt_memcpy_w.o
         2          0          0          0          0          0   rtexit.o
        10          0          0          0          0          0   rtexit2.o
        70          0          0          0          0         80   setvbuf.o
       240          6          0          0          0        156   stdio.o
         0          0          0         12        252          0   stdio_streams.o
       128          0          0          0          0         68   strcmpv7m.o
        12          4          0          0          0         68   sys_exit.o
        74          0          0          0          0         80   sys_stackheap_outer.o
        14          0          0          0          0         76   sys_wrch.o
         2          0          0          0          0         68   use_no_semi.o
        24          0          0          0          0         68   dcmpi.o
       688        140          0          0          0        208   ddiv.o
        90          4          0          0          0         92   dfixu.o
        38          0          0          0          0         68   dflt_clz.o
       120          4          0          0          0         92   dleqf.o
       156          4          0          0          0         92   dnaninf.o
        12          0          0          0          0         68   dretinf.o
       108          0          0          0          0         80   drleqf.o
         4          0          0          0          0         68   printf1.o
         0          0          0          0          0          0   usenofp.o
        40          0          0          0          0         68   fpclassify.o

    ----------------------------------------------------------------------
      9162        534        235         12        352       6440   Library Totals
        10          0          2          0          4          0   (incl. Padding)

    ----------------------------------------------------------------------

      Code (inc. data)   RO Data    RW Data    ZI Data      Debug   Library Name

      7872        382        233         12        348       5536   c_w.l
      1240        152          0          0          0        836   fz_ws.l
        40          0          0          0          0         68   m_ws.l

    ----------------------------------------------------------------------
      9162        534        235         12        352       6440   Library Totals

    ----------------------------------------------------------------------

==============================================================================


      Code (inc. data)   RO Data    RW Data    ZI Data      Debug   

     38840       3270       1204        476      19820     760231   Grand Totals
     38840       3270       1204        192      19820     760231   ELF Image Totals (compressed)
     38840       3270       1204        192          0          0   ROM Totals

==============================================================================

    Total RO  Size (Code + RO Data)                40044 (  39.11kB)
    Total RW  Size (RW Data + ZI Data)             20296 (  19.82kB)
    Total ROM Size (Code + RO Data + RW Data)      40236 (  39.29kB)

==============================================================================

